#
# There is insufficient memory for the Java Runtime Environment to continue.
# Native memory allocation (malloc) failed to allocate 1266160 bytes. Error detail: Chunk::new
# Possible reasons:
#   The system is out of physical RAM or swap space
#   This process is running with CompressedOops enabled, and the Java Heap may be blocking the growth of the native heap
# Possible solutions:
#   Reduce memory load on the system
#   Increase physical memory or swap space
#   Check if swap backing store is full
#   Decrease Java heap size (-Xmx/-Xms)
#   Decrease number of Java threads
#   Decrease Java thread stack sizes (-Xss)
#   Set larger code cache with -XX:ReservedCodeCacheSize=
#   JVM is running with Zero Based Compressed Oops mode in which the Java heap is
#     placed in the first 32GB address space. The Java Heap base address is the
#     maximum limit for the native heap growth. Please use -XX:HeapBaseMinAddress
#     to set the Java Heap base and to place the Java Heap above 32GB virtual address.
# This output file may be truncated or incomplete.
#
#  Out of Memory Error (arena.cpp:168), pid=8636, tid=7588
#
# JRE version: OpenJDK Runtime Environment (21.0.10) (build 21.0.10+-14961533-b1163.108)
# Java VM: OpenJDK 64-Bit Server VM (21.0.10+-14961533-b1163.108, mixed mode, tiered, compressed oops, compressed class ptrs, parallel gc, windows-amd64)
# No core dump will be written. Minidumps are not enabled by default on client versions of Windows
#

---------------  S U M M A R Y ------------

Command Line: --add-opens=java.base/java.lang=ALL-UNNAMED --add-opens=java.base/java.lang.invoke=ALL-UNNAMED --add-opens=java.base/java.util=ALL-UNNAMED --add-opens=java.prefs/java.util.prefs=ALL-UNNAMED --add-exports=jdk.compiler/com.sun.tools.javac.api=ALL-UNNAMED --add-exports=jdk.compiler/com.sun.tools.javac.util=ALL-UNNAMED --add-opens=java.base/java.util=ALL-UNNAMED --add-opens=java.prefs/java.util.prefs=ALL-UNNAMED --add-opens=java.base/java.nio.charset=ALL-UNNAMED --add-opens=java.base/java.net=ALL-UNNAMED --add-opens=java.base/java.util.concurrent=ALL-UNNAMED --add-opens=java.base/java.util.concurrent.atomic=ALL-UNNAMED --add-opens=java.xml/javax.xml.namespace=ALL-UNNAMED --add-opens=java.base/java.time=ALL-UNNAMED -XX:+UseParallelGC -Xmx4g -Dfile.encoding=UTF-8 -Duser.country=US -Duser.language=en -Duser.variant -javaagent:C:\Users\hp\.gradle\wrapper\dists\gradle-9.1.0-bin\9agqghryom9wkf8r80qlhnts3\gradle-9.1.0\lib\agents\gradle-instrumentation-agent-9.1.0.jar org.gradle.launcher.daemon.bootstrap.GradleDaemon 9.1.0

Host: 12th Gen Intel(R) Core(TM) i7-1255U, 12 cores, 3G,  Windows 10 , 64 bit Build 17763 (10.0.17763.1)
Time: Fri Sep 11 15:37:22 2026 South Africa Standard Time elapsed time: 34.510199 seconds (0d 0h 0m 34s)

---------------  T H R E A D  ---------------

Current thread (0x0000026cdaea0910):  JavaThread "C2 CompilerThread0" daemon [_thread_in_native, id=7588, stack(0x000000c525200000,0x000000c525300000) (1024K)]


Current CompileTask:
C2:34511 12391       4       java.net.URLClassLoader$1::run (5 bytes)

Stack: [0x000000c525200000,0x000000c525300000]
Native frames: (J=compiled Java code, j=interpreted, Vv=VM code, C=native code)
V  [jvm.dll+0x6d78a9]
V  [jvm.dll+0x8665b3]
V  [jvm.dll+0x868bde]
V  [jvm.dll+0x8692c3]
V  [jvm.dll+0x280ee6]
V  [jvm.dll+0xc07cd]
V  [jvm.dll+0xc0d03]
V  [jvm.dll+0x3ba0cb]
V  [jvm.dll+0x385df7]
V  [jvm.dll+0x38526a]
V  [jvm.dll+0x249bd2]
V  [jvm.dll+0x2491a1]
V  [jvm.dll+0x1c76e4]
V  [jvm.dll+0x25891e]
V  [jvm.dll+0x256e66]
V  [jvm.dll+0x3f513e]
V  [jvm.dll+0x80fd28]
V  [jvm.dll+0x6d60fd]
C  [ucrtbase.dll+0x203ba]
C  [KERNEL32.DLL+0x17e94]
C  [ntdll.dll+0x67ad1]


---------------  P R O C E S S  ---------------

Threads class SMR info:
_java_thread_list=0x0000026ce083d020, length=111, elements={
0x0000026cb84a1f60, 0x0000026cdae66560, 0x0000026cdae682d0, 0x0000026cdae69f20,
0x0000026cdae89280, 0x0000026cdae89e50, 0x0000026cdae94300, 0x0000026cdae935e0,
0x0000026cdaea0910, 0x0000026cdaea13b0, 0x0000026cdae956b0, 0x0000026cdae963d0,
0x0000026cdae93c70, 0x0000026cdae96a60, 0x0000026cdae95d40, 0x0000026cdae94990,
0x0000026cde875410, 0x0000026cde874060, 0x0000026cde871270, 0x0000026cde872cb0,
0x0000026cde8746f0, 0x0000026cde874d80, 0x0000026cde870be0, 0x0000026cde871900,
0x0000026cde871f90, 0x0000026cde872620, 0x0000026cde870550, 0x0000026cde876130,
0x0000026cde86f1a0, 0x0000026cde86fec0, 0x0000026cde8767c0, 0x0000026ce056ef60,
0x0000026ce056c170, 0x0000026ce056a0a0, 0x0000026ce056e240, 0x0000026ce0568cf0,
0x0000026ce056a730, 0x0000026ce056ce90, 0x0000026ce0569380, 0x0000026ce0568660,
0x0000026ce056adc0, 0x0000026ce0569a10, 0x0000026ce056bae0, 0x0000026ce056d520,
0x0000026ce056dbb0, 0x0000026ce056e8d0, 0x0000026ce056f5f0, 0x0000026ce056b450,
0x0000026ce056fc80, 0x0000026ce0d11cf0, 0x0000026ce0d102b0, 0x0000026ce0d0d4c0,
0x0000026ce0d0b3f0, 0x0000026ce0d11660, 0x0000026ce0d0c110, 0x0000026ce0d0ba80,
0x0000026ce0d0db50, 0x0000026ce0d10940, 0x0000026ce0d0ad60, 0x0000026ce0d0c7a0,
0x0000026ce0d0ef00, 0x0000026ce0d0e870, 0x0000026ce0d0fc20, 0x0000026ce0d12380,
0x0000026ce0d0f590, 0x0000026ce0d0e1e0, 0x0000026ce0d10fd0, 0x0000026ce0d0ce30,
0x0000026cdf4fb3b0, 0x0000026cdf4fba40, 0x0000026cdf500270, 0x0000026cdf4f92e0,
0x0000026cdf500900, 0x0000026cdf4fc760, 0x0000026cdf4f9970, 0x0000026cdf4fcdf0,
0x0000026cdf4fe1a0, 0x0000026cdf4fd480, 0x0000026cdf4fa000, 0x0000026cdf4fdb10,
0x0000026cdf4fe830, 0x0000026cdf4fa690, 0x0000026cdf4feec0, 0x0000026cdf4ff550,
0x0000026cdf4ffbe0, 0x0000026cdf29be90, 0x0000026cdf29ec80, 0x0000026cdf29df60,
0x0000026cdf29b800, 0x0000026cdf29c520, 0x0000026cdf29d8d0, 0x0000026cdf299730,
0x0000026cdf297cf0, 0x0000026cdf29b170, 0x0000026cdf29e5f0, 0x0000026cdf29aae0,
0x0000026cdf29f310, 0x0000026cdf299dc0, 0x0000026cdf298380, 0x0000026cdf29d240,
0x0000026cdf29cbb0, 0x0000026cdf2990a0, 0x0000026cdf298a10, 0x0000026cdf29a450,
0x0000026ce11de730, 0x0000026ce11d9f00, 0x0000026ce11d84c0, 0x0000026ce11da590,
0x0000026ce11d8b50, 0x0000026ce11dac20, 0x0000026ce11dc660
}

Java Threads: ( => current thread )
  0x0000026cb84a1f60 JavaThread "main"                              [_thread_blocked, id=2312, stack(0x000000c524700000,0x000000c524800000) (1024K)]
  0x0000026cdae66560 JavaThread "Common-Cleaner"             daemon [_thread_blocked, id=9428, stack(0x000000c524b00000,0x000000c524c00000) (1024K)]
  0x0000026cdae682d0 JavaThread "Reference Handler"          daemon [_thread_blocked, id=12272, stack(0x000000c524c00000,0x000000c524d00000) (1024K)]
  0x0000026cdae69f20 JavaThread "Finalizer"                  daemon [_thread_blocked, id=7740, stack(0x000000c524d00000,0x000000c524e00000) (1024K)]
  0x0000026cdae89280 JavaThread "Signal Dispatcher"          daemon [_thread_blocked, id=11800, stack(0x000000c524e00000,0x000000c524f00000) (1024K)]
  0x0000026cdae89e50 JavaThread "Attach Listener"            daemon [_thread_blocked, id=1716, stack(0x000000c524f00000,0x000000c525000000) (1024K)]
  0x0000026cdae94300 JavaThread "Service Thread"             daemon [_thread_blocked, id=1828, stack(0x000000c525000000,0x000000c525100000) (1024K)]
  0x0000026cdae935e0 JavaThread "Monitor Deflation Thread"   daemon [_thread_blocked, id=1212, stack(0x000000c525100000,0x000000c525200000) (1024K)]
=>0x0000026cdaea0910 JavaThread "C2 CompilerThread0"         daemon [_thread_in_native, id=7588, stack(0x000000c525200000,0x000000c525300000) (1024K)]
  0x0000026cdaea13b0 JavaThread "C1 CompilerThread0"         daemon [_thread_blocked, id=6928, stack(0x000000c525300000,0x000000c525400000) (1024K)]
  0x0000026cdae956b0 JavaThread "Notification Thread"        daemon [_thread_blocked, id=2948, stack(0x000000c525400000,0x000000c525500000) (1024K)]
  0x0000026cdae963d0 JavaThread "Daemon health stats"               [_thread_blocked, id=5984, stack(0x000000c525a00000,0x000000c525b00000) (1024K)]
  0x0000026cdae93c70 JavaThread "Incoming local TCP Connector on port 52119"        [_thread_in_native, id=14068, stack(0x000000c525b00000,0x000000c525c00000) (1024K)]
  0x0000026cdae96a60 JavaThread "Daemon periodic checks"            [_thread_blocked, id=3948, stack(0x000000c525c00000,0x000000c525d00000) (1024K)]
  0x0000026cdae95d40 JavaThread "Daemon"                            [_thread_blocked, id=7412, stack(0x000000c525d00000,0x000000c525e00000) (1024K)]
  0x0000026cdae94990 JavaThread "Handler for socket connection from /127.0.0.1:52119 to /127.0.0.1:52120"        [_thread_in_native, id=13832, stack(0x000000c525e00000,0x000000c525f00000) (1024K)]
  0x0000026cde875410 JavaThread "Cancel handler"                    [_thread_blocked, id=7200, stack(0x000000c525f00000,0x000000c526000000) (1024K)]
  0x0000026cde874060 JavaThread "Daemon worker"                     [_thread_in_vm, id=584, stack(0x000000c526000000,0x000000c526100000) (1024K)]
  0x0000026cde871270 JavaThread "Asynchronous log dispatcher for DefaultDaemonConnection: socket connection from /127.0.0.1:52119 to /127.0.0.1:52120"        [_thread_blocked, id=14192, stack(0x000000c526100000,0x000000c526200000) (1024K)]
  0x0000026cde872cb0 JavaThread "Stdin handler"                     [_thread_blocked, id=14080, stack(0x000000c526200000,0x000000c526300000) (1024K)]
  0x0000026cde8746f0 JavaThread "Daemon client event forwarder"        [_thread_blocked, id=10996, stack(0x000000c526300000,0x000000c526400000) (1024K)]
  0x0000026cde874d80 JavaThread "Cache worker for journal cache (C:\Users\hp\.gradle\caches\journal-1)"        [_thread_blocked, id=9796, stack(0x000000c526800000,0x000000c526900000) (1024K)]
  0x0000026cde870be0 JavaThread "File lock request listener"        [_thread_in_native, id=2436, stack(0x000000c526900000,0x000000c526a00000) (1024K)]
  0x0000026cde871900 JavaThread "Cache worker for file hash cache (C:\Users\hp\.gradle\caches\9.1.0\fileHashes)"        [_thread_blocked, id=9752, stack(0x000000c526a00000,0x000000c526b00000) (1024K)]
  0x0000026cde871f90 JavaThread "Cache worker for file hash cache (C:\Users\hp\Pictures\SupportAssist-fixed (1)\SupportAssist\.gradle\9.1.0\fileHashes)"        [_thread_blocked, id=4180, stack(0x000000c526b00000,0x000000c526c00000) (1024K)]
  0x0000026cde872620 JavaThread "Cache worker for checksums cache (C:\Users\hp\Pictures\SupportAssist-fixed (1)\SupportAssist\.gradle\9.1.0\checksums)"        [_thread_blocked, id=10708, stack(0x000000c526c00000,0x000000c526d00000) (1024K)]
  0x0000026cde870550 JavaThread "Cache worker for Build Output Cleanup Cache (C:\Users\hp\Pictures\SupportAssist-fixed (1)\SupportAssist\.gradle\buildOutputCleanup)"        [_thread_blocked, id=14728, stack(0x000000c526d00000,0x000000c526e00000) (1024K)]
  0x0000026cde876130 JavaThread "Cache worker for file content cache (C:\Users\hp\.gradle\caches\9.1.0\fileContent)"        [_thread_blocked, id=14800, stack(0x000000c526e00000,0x000000c526f00000) (1024K)]
  0x0000026cde86f1a0 JavaThread "File watcher server"        daemon [_thread_in_native, id=14780, stack(0x000000c526f00000,0x000000c527000000) (1024K)]
  0x0000026cde86fec0 JavaThread "File watcher consumer"      daemon [_thread_blocked, id=14784, stack(0x000000c527000000,0x000000c527100000) (1024K)]
  0x0000026cde8767c0 JavaThread "Cache worker for cache directory md-supplier (C:\Users\hp\.gradle\caches\9.1.0\md-supplier)"        [_thread_blocked, id=12764, stack(0x000000c527100000,0x000000c527200000) (1024K)]
  0x0000026ce056ef60 JavaThread "Cache worker for cache directory md-rule (C:\Users\hp\.gradle\caches\9.1.0\md-rule)"        [_thread_blocked, id=14644, stack(0x000000c527200000,0x000000c527300000) (1024K)]
  0x0000026ce056c170 JavaThread "jar transforms"                    [_thread_blocked, id=11416, stack(0x000000c527300000,0x000000c527400000) (1024K)]
  0x0000026ce056a0a0 JavaThread "jar transforms Thread 2"           [_thread_blocked, id=14724, stack(0x000000c527400000,0x000000c527500000) (1024K)]
  0x0000026ce056e240 JavaThread "jar transforms Thread 3"           [_thread_blocked, id=14332, stack(0x000000c527500000,0x000000c527600000) (1024K)]
  0x0000026ce0568cf0 JavaThread "jar transforms Thread 4"           [_thread_blocked, id=12512, stack(0x000000c527600000,0x000000c527700000) (1024K)]
  0x0000026ce056a730 JavaThread "jar transforms Thread 5"           [_thread_blocked, id=7216, stack(0x000000c527700000,0x000000c527800000) (1024K)]
  0x0000026ce056ce90 JavaThread "Unconstrained build operations"        [_thread_blocked, id=2568, stack(0x000000c527800000,0x000000c527900000) (1024K)]
  0x0000026ce0569380 JavaThread "Unconstrained build operations Thread 2"        [_thread_blocked, id=12116, stack(0x000000c527900000,0x000000c527a00000) (1024K)]
  0x0000026ce0568660 JavaThread "Unconstrained build operations Thread 3"        [_thread_blocked, id=9492, stack(0x000000c527a00000,0x000000c527b00000) (1024K)]
  0x0000026ce056adc0 JavaThread "Unconstrained build operations Thread 4"        [_thread_blocked, id=2468, stack(0x000000c527b00000,0x000000c527c00000) (1024K)]
  0x0000026ce0569a10 JavaThread "Unconstrained build operations Thread 5"        [_thread_blocked, id=12392, stack(0x000000c527c00000,0x000000c527d00000) (1024K)]
  0x0000026ce056bae0 JavaThread "Unconstrained build operations Thread 6"        [_thread_blocked, id=5268, stack(0x000000c527d00000,0x000000c527e00000) (1024K)]
  0x0000026ce056d520 JavaThread "Unconstrained build operations Thread 7"        [_thread_blocked, id=4100, stack(0x000000c527e00000,0x000000c527f00000) (1024K)]
  0x0000026ce056dbb0 JavaThread "Unconstrained build operations Thread 8"        [_thread_blocked, id=13912, stack(0x000000c527f00000,0x000000c528000000) (1024K)]
  0x0000026ce056e8d0 JavaThread "Unconstrained build operations Thread 9"        [_thread_blocked, id=2240, stack(0x000000c528000000,0x000000c528100000) (1024K)]
  0x0000026ce056f5f0 JavaThread "Unconstrained build operations Thread 10"        [_thread_blocked, id=11208, stack(0x000000c528100000,0x000000c528200000) (1024K)]
  0x0000026ce056b450 JavaThread "Unconstrained build operations Thread 11"        [_thread_blocked, id=14508, stack(0x000000c528200000,0x000000c528300000) (1024K)]
  0x0000026ce056fc80 JavaThread "Unconstrained build operations Thread 12"        [_thread_blocked, id=13464, stack(0x000000c528300000,0x000000c528400000) (1024K)]
  0x0000026ce0d11cf0 JavaThread "Unconstrained build operations Thread 13"        [_thread_blocked, id=13236, stack(0x000000c528400000,0x000000c528500000) (1024K)]
  0x0000026ce0d102b0 JavaThread "Unconstrained build operations Thread 14"        [_thread_blocked, id=14308, stack(0x000000c528500000,0x000000c528600000) (1024K)]
  0x0000026ce0d0d4c0 JavaThread "Unconstrained build operations Thread 15"        [_thread_blocked, id=14864, stack(0x000000c528600000,0x000000c528700000) (1024K)]
  0x0000026ce0d0b3f0 JavaThread "Unconstrained build operations Thread 16"        [_thread_blocked, id=14944, stack(0x000000c528700000,0x000000c528800000) (1024K)]
  0x0000026ce0d11660 JavaThread "Unconstrained build operations Thread 17"        [_thread_blocked, id=14820, stack(0x000000c528800000,0x000000c528900000) (1024K)]
  0x0000026ce0d0c110 JavaThread "Unconstrained build operations Thread 18"        [_thread_blocked, id=8384, stack(0x000000c528900000,0x000000c528a00000) (1024K)]
  0x0000026ce0d0ba80 JavaThread "Unconstrained build operations Thread 19"        [_thread_blocked, id=15028, stack(0x000000c528a00000,0x000000c528b00000) (1024K)]
  0x0000026ce0d0db50 JavaThread "Unconstrained build operations Thread 20"        [_thread_blocked, id=1352, stack(0x000000c528b00000,0x000000c528c00000) (1024K)]
  0x0000026ce0d10940 JavaThread "Unconstrained build operations Thread 21"        [_thread_blocked, id=14492, stack(0x000000c528c00000,0x000000c528d00000) (1024K)]
  0x0000026ce0d0ad60 JavaThread "Unconstrained build operations Thread 22"        [_thread_blocked, id=5624, stack(0x000000c528d00000,0x000000c528e00000) (1024K)]
  0x0000026ce0d0c7a0 JavaThread "jar transforms Thread 6"           [_thread_blocked, id=14828, stack(0x000000c528e00000,0x000000c528f00000) (1024K)]
  0x0000026ce0d0ef00 JavaThread "jar transforms Thread 7"           [_thread_blocked, id=2772, stack(0x000000c528f00000,0x000000c529000000) (1024K)]
  0x0000026ce0d0e870 JavaThread "Unconstrained build operations Thread 23"        [_thread_blocked, id=15148, stack(0x000000c529000000,0x000000c529100000) (1024K)]
  0x0000026ce0d0fc20 JavaThread "Unconstrained build operations Thread 24"        [_thread_blocked, id=13856, stack(0x000000c529100000,0x000000c529200000) (1024K)]
  0x0000026ce0d12380 JavaThread "Unconstrained build operations Thread 25"        [_thread_blocked, id=6936, stack(0x000000c529200000,0x000000c529300000) (1024K)]
  0x0000026ce0d0f590 JavaThread "Unconstrained build operations Thread 26"        [_thread_blocked, id=13444, stack(0x000000c529300000,0x000000c529400000) (1024K)]
  0x0000026ce0d0e1e0 JavaThread "Unconstrained build operations Thread 27"        [_thread_blocked, id=14588, stack(0x000000c529400000,0x000000c529500000) (1024K)]
  0x0000026ce0d10fd0 JavaThread "Unconstrained build operations Thread 28"        [_thread_blocked, id=14696, stack(0x000000c529500000,0x000000c529600000) (1024K)]
  0x0000026ce0d0ce30 JavaThread "Unconstrained build operations Thread 29"        [_thread_blocked, id=10448, stack(0x000000c529600000,0x000000c529700000) (1024K)]
  0x0000026cdf4fb3b0 JavaThread "Unconstrained build operations Thread 30"        [_thread_blocked, id=14060, stack(0x000000c529700000,0x000000c529800000) (1024K)]
  0x0000026cdf4fba40 JavaThread "Unconstrained build operations Thread 31"        [_thread_blocked, id=14056, stack(0x000000c529800000,0x000000c529900000) (1024K)]
  0x0000026cdf500270 JavaThread "Unconstrained build operations Thread 32"        [_thread_blocked, id=14284, stack(0x000000c529900000,0x000000c529a00000) (1024K)]
  0x0000026cdf4f92e0 JavaThread "Unconstrained build operations Thread 33"        [_thread_blocked, id=14248, stack(0x000000c529a00000,0x000000c529b00000) (1024K)]
  0x0000026cdf500900 JavaThread "jar transforms Thread 8"           [_thread_blocked, id=14348, stack(0x000000c529b00000,0x000000c529c00000) (1024K)]
  0x0000026cdf4fc760 JavaThread "jar transforms Thread 9"           [_thread_blocked, id=14344, stack(0x000000c529c00000,0x000000c529d00000) (1024K)]
  0x0000026cdf4f9970 JavaThread "jar transforms Thread 10"          [_thread_blocked, id=11564, stack(0x000000c529d00000,0x000000c529e00000) (1024K)]
  0x0000026cdf4fcdf0 JavaThread "Configuration cache report writer"        [_thread_blocked, id=8196, stack(0x000000c529e00000,0x000000c529f00000) (1024K)]
  0x0000026cdf4fe1a0 JavaThread "Unconstrained build operations Thread 34"        [_thread_blocked, id=7772, stack(0x000000c529f00000,0x000000c52a000000) (1024K)]
  0x0000026cdf4fd480 JavaThread "Unconstrained build operations Thread 35"        [_thread_blocked, id=9756, stack(0x000000c52a000000,0x000000c52a100000) (1024K)]
  0x0000026cdf4fa000 JavaThread "Unconstrained build operations Thread 36"        [_thread_blocked, id=2420, stack(0x000000c52a100000,0x000000c52a200000) (1024K)]
  0x0000026cdf4fdb10 JavaThread "Unconstrained build operations Thread 37"        [_thread_blocked, id=8056, stack(0x000000c52a200000,0x000000c52a300000) (1024K)]
  0x0000026cdf4fe830 JavaThread "Unconstrained build operations Thread 38"        [_thread_blocked, id=12844, stack(0x000000c52a300000,0x000000c52a400000) (1024K)]
  0x0000026cdf4fa690 JavaThread "Unconstrained build operations Thread 39"        [_thread_blocked, id=10356, stack(0x000000c52a400000,0x000000c52a500000) (1024K)]
  0x0000026cdf4feec0 JavaThread "Unconstrained build operations Thread 40"        [_thread_blocked, id=11360, stack(0x000000c52a500000,0x000000c52a600000) (1024K)]
  0x0000026cdf4ff550 JavaThread "Unconstrained build operations Thread 41"        [_thread_blocked, id=7192, stack(0x000000c52a600000,0x000000c52a700000) (1024K)]
  0x0000026cdf4ffbe0 JavaThread "Unconstrained build operations Thread 42"        [_thread_blocked, id=4036, stack(0x000000c52a700000,0x000000c52a800000) (1024K)]
  0x0000026cdf29be90 JavaThread "Unconstrained build operations Thread 43"        [_thread_blocked, id=5432, stack(0x000000c52a800000,0x000000c52a900000) (1024K)]
  0x0000026cdf29ec80 JavaThread "Unconstrained build operations Thread 44"        [_thread_blocked, id=9884, stack(0x000000c52a900000,0x000000c52aa00000) (1024K)]
  0x0000026cdf29df60 JavaThread "Unconstrained build operations Thread 45"        [_thread_blocked, id=4780, stack(0x000000c52aa00000,0x000000c52ab00000) (1024K)]
  0x0000026cdf29b800 JavaThread "Unconstrained build operations Thread 46"        [_thread_blocked, id=3824, stack(0x000000c52ab00000,0x000000c52ac00000) (1024K)]
  0x0000026cdf29c520 JavaThread "Unconstrained build operations Thread 47"        [_thread_blocked, id=6364, stack(0x000000c52ac00000,0x000000c52ad00000) (1024K)]
  0x0000026cdf29d8d0 JavaThread "Unconstrained build operations Thread 48"        [_thread_blocked, id=6600, stack(0x000000c52ad00000,0x000000c52ae00000) (1024K)]
  0x0000026cdf299730 JavaThread "Unconstrained build operations Thread 49"        [_thread_blocked, id=3900, stack(0x000000c52ae00000,0x000000c52af00000) (1024K)]
  0x0000026cdf297cf0 JavaThread "Unconstrained build operations Thread 50"        [_thread_blocked, id=8888, stack(0x000000c52af00000,0x000000c52b000000) (1024K)]
  0x0000026cdf29b170 JavaThread "Unconstrained build operations Thread 51"        [_thread_blocked, id=15108, stack(0x000000c52b000000,0x000000c52b100000) (1024K)]
  0x0000026cdf29e5f0 JavaThread "Unconstrained build operations Thread 52"        [_thread_blocked, id=1620, stack(0x000000c52b100000,0x000000c52b200000) (1024K)]
  0x0000026cdf29aae0 JavaThread "Unconstrained build operations Thread 53"        [_thread_blocked, id=13692, stack(0x000000c52b200000,0x000000c52b300000) (1024K)]
  0x0000026cdf29f310 JavaThread "Unconstrained build operations Thread 54"        [_thread_blocked, id=13920, stack(0x000000c52b300000,0x000000c52b400000) (1024K)]
  0x0000026cdf299dc0 JavaThread "Unconstrained build operations Thread 55"        [_thread_blocked, id=11560, stack(0x000000c52b400000,0x000000c52b500000) (1024K)]
  0x0000026cdf298380 JavaThread "Unconstrained build operations Thread 56"        [_thread_blocked, id=14476, stack(0x000000c52b500000,0x000000c52b600000) (1024K)]
  0x0000026cdf29d240 JavaThread "Unconstrained build operations Thread 57"        [_thread_blocked, id=15176, stack(0x000000c52b600000,0x000000c52b700000) (1024K)]
  0x0000026cdf29cbb0 JavaThread "Unconstrained build operations Thread 58"        [_thread_blocked, id=14472, stack(0x000000c52b700000,0x000000c52b800000) (1024K)]
  0x0000026cdf2990a0 JavaThread "Unconstrained build operations Thread 59"        [_thread_blocked, id=3828, stack(0x000000c52b800000,0x000000c52b900000) (1024K)]
  0x0000026cdf298a10 JavaThread "Unconstrained build operations Thread 60"        [_thread_blocked, id=14668, stack(0x000000c52b900000,0x000000c52ba00000) (1024K)]
  0x0000026cdf29a450 JavaThread "Unconstrained build operations Thread 61"        [_thread_blocked, id=8444, stack(0x000000c52ba00000,0x000000c52bb00000) (1024K)]
  0x0000026ce11de730 JavaThread "Unconstrained build operations Thread 62"        [_thread_blocked, id=3464, stack(0x000000c52bb00000,0x000000c52bc00000) (1024K)]
  0x0000026ce11d9f00 JavaThread "Unconstrained build operations Thread 63"        [_thread_blocked, id=11168, stack(0x000000c52bc00000,0x000000c52bd00000) (1024K)]
  0x0000026ce11d84c0 JavaThread "Unconstrained build operations Thread 64"        [_thread_blocked, id=1124, stack(0x000000c52bd00000,0x000000c52be00000) (1024K)]
  0x0000026ce11da590 JavaThread "Unconstrained build operations Thread 65"        [_thread_blocked, id=10716, stack(0x000000c52be00000,0x000000c52bf00000) (1024K)]
  0x0000026ce11d8b50 JavaThread "Unconstrained build operations Thread 66"        [_thread_blocked, id=11196, stack(0x000000c52bf00000,0x000000c52c000000) (1024K)]
  0x0000026ce11dac20 JavaThread "Problems report writer"            [_thread_blocked, id=14356, stack(0x000000c524500000,0x000000c524600000) (1024K)]
  0x0000026ce11dc660 JavaThread "build event listener"              [_thread_blocked, id=14228, stack(0x000000c52c000000,0x000000c52c100000) (1024K)]
Total: 111

Other Threads:
  0x0000026cba923200 VMThread "VM Thread"                           [id=12732, stack(0x000000c524a00000,0x000000c524b00000) (1024K)]
  0x0000026cd5abcc00 WatcherThread "VM Periodic Task Thread"        [id=12892, stack(0x000000c524900000,0x000000c524a00000) (1024K)]
  0x0000026cba878df0 WorkerThread "GC Thread#0"                     [id=7088, stack(0x000000c524800000,0x000000c524900000) (1024K)]
  0x0000026cdc374300 WorkerThread "GC Thread#1"                     [id=6460, stack(0x000000c525500000,0x000000c525600000) (1024K)]
  0x0000026cdc37dcd0 WorkerThread "GC Thread#2"                     [id=12692, stack(0x000000c525600000,0x000000c525700000) (1024K)]
  0x0000026cdc8a51b0 WorkerThread "GC Thread#3"                     [id=704, stack(0x000000c525700000,0x000000c525800000) (1024K)]
  0x0000026cdccd0da0 WorkerThread "GC Thread#4"                     [id=14064, stack(0x000000c525800000,0x000000c525900000) (1024K)]
  0x0000026cde167660 WorkerThread "GC Thread#5"                     [id=1888, stack(0x000000c525900000,0x000000c525a00000) (1024K)]
  0x0000026cde893d10 WorkerThread "GC Thread#6"                     [id=6088, stack(0x000000c526400000,0x000000c526500000) (1024K)]
  0x0000026cde8940c0 WorkerThread "GC Thread#7"                     [id=13196, stack(0x000000c526500000,0x000000c526600000) (1024K)]
  0x0000026cde894470 WorkerThread "GC Thread#8"                     [id=10032, stack(0x000000c526600000,0x000000c526700000) (1024K)]
  0x0000026cde894820 WorkerThread "GC Thread#9"                     [id=13972, stack(0x000000c526700000,0x000000c526800000) (1024K)]
Total: 12

Threads with active compile tasks:
C2 CompilerThread0  34567 12391       4       java.net.URLClassLoader$1::run (5 bytes)
Total: 1

VM state: not at safepoint (normal execution)

VM Mutex/Monitor currently owned by a thread: None

Heap address: 0x0000000700000000, size: 4096 MB, Compressed Oops mode: Zero based, Oop shift amount: 3

CDS archive(s) not mapped
Compressed class space mapped at: 0x0000000800000000-0x0000000840000000, reserved size: 1073741824
Narrow klass base: 0x0000000800000000, Narrow klass shift: 0, Narrow klass range: 0x40000000

GC Precious Log:
 CardTable entry size: 512
 CPUs: 12 total, 12 available
 Memory: 3768M
 Large Page Support: Disabled
 NUMA Support: Disabled
 Compressed Oops: Enabled (Zero based)
 Alignments: Space 512K, Generation 512K, Heap 2M
 Heap Min Capacity: 8M
 Heap Initial Capacity: 60M
 Heap Max Capacity: 4G
 Pre-touch: Disabled
 Parallel Workers: 10

Heap:
 PSYoungGen      total 171008K, used 72031K [0x00000007aab00000, 0x00000007b5d00000, 0x0000000800000000)
  eden space 159744K, 38% used [0x00000007aab00000,0x00000007ae65ab88,0x00000007b4700000)
  from space 11264K, 99% used [0x00000007b4700000,0x00000007b51fd2f8,0x00000007b5200000)
  to   space 11264K, 0% used [0x00000007b5200000,0x00000007b5200000,0x00000007b5d00000)
 ParOldGen       total 73728K, used 73564K [0x0000000700000000, 0x0000000704800000, 0x00000007aab00000)
  object space 73728K, 99% used [0x0000000700000000,0x00000007047d73a8,0x0000000704800000)
 Metaspace       used 91436K, committed 93504K, reserved 1179648K
  class space    used 12613K, committed 13632K, reserved 1048576K

Card table byte_map: [0x0000026ccc9d0000,0x0000026ccd1e0000] _byte_map_base: 0x0000026cc91d0000

Marking Bits: (ParMarkBitMap*) 0x00007ff98133d640
 Begin Bits: [0x0000026ccd1e0000, 0x0000026cd11e0000)
 End Bits:   [0x0000026cd11e0000, 0x0000026cd51e0000)

Polling page: 0x0000026cb8440000

Metaspace:

Usage:
  Non-class:     76.98 MB used.
      Class:     12.32 MB used.
       Both:     89.29 MB used.

Virtual space:
  Non-class space:      128.00 MB reserved,      78.06 MB ( 61%) committed,  2 nodes.
      Class space:        1.00 GB reserved,      13.31 MB (  1%) committed,  1 nodes.
             Both:        1.13 GB reserved,      91.38 MB (  8%) committed. 

Chunk freelists:
   Non-Class:  1.36 MB
       Class:  2.61 MB
        Both:  3.96 MB

MaxMetaspaceSize: unlimited
CompressedClassSpaceSize: 1.00 GB
Initial GC threshold: 21.00 MB
Current GC threshold: 97.31 MB
CDS: off
 - commit_granule_bytes: 65536.
 - commit_granule_words: 8192.
 - virtual_space_node_default_size: 8388608.
 - enlarge_chunks_in_place: 1.
 - use_allocation_guard: 0.


Internal statistics:

num_allocs_failed_limit: 9.
num_arena_births: 4032.
num_arena_deaths: 0.
num_vsnodes_births: 3.
num_vsnodes_deaths: 0.
num_space_committed: 1462.
num_space_uncommitted: 0.
num_chunks_returned_to_freelist: 9.
num_chunks_taken_from_freelist: 7971.
num_chunk_merges: 9.
num_chunk_splits: 5235.
num_chunks_enlarged: 3267.
num_inconsistent_stats: 0.

CodeHeap 'non-profiled nmethods': size=120000Kb used=6206Kb max_used=6206Kb free=113793Kb
 bounds [0x0000026cc54a0000, 0x0000026cc5ab0000, 0x0000026ccc9d0000]
CodeHeap 'profiled nmethods': size=120000Kb used=22565Kb max_used=22565Kb free=97434Kb
 bounds [0x0000026cbd9d0000, 0x0000026cbefe0000, 0x0000026cc4f00000]
CodeHeap 'non-nmethods': size=5760Kb used=1751Kb max_used=1791Kb free=4008Kb
 bounds [0x0000026cc4f00000, 0x0000026cc5170000, 0x0000026cc54a0000]
CodeCache: size=245760Kb, used=30522Kb, max_used=30562Kb, free=215235Kb
 total_blobs=12716, nmethods=11899, adapters=720, full_count=0
Compilation: enabled, stopped_count=0, restarted_count=0

Compilation events (20 events):
Event: 34.489 Thread 0x0000026cdaea13b0 nmethod 12397 0x0000026cbefc2790 code [0x0000026cbefc2940, 0x0000026cbefc2aa0]
Event: 34.489 Thread 0x0000026cdaea13b0 12398       3       com.fasterxml.jackson.core.json.WriterBasedJsonGenerator::writeStartObject (85 bytes)
Event: 34.489 Thread 0x0000026cdaea13b0 nmethod 12398 0x0000026cbefc2b90 code [0x0000026cbefc2da0, 0x0000026cbefc3268]
Event: 34.489 Thread 0x0000026cdaea13b0 12399       3       com.fasterxml.jackson.core.json.JsonWriteContext::createChildObjectContext (50 bytes)
Event: 34.489 Thread 0x0000026cdaea13b0 nmethod 12399 0x0000026cbefc3490 code [0x0000026cbefc3680, 0x0000026cbefc39a8]
Event: 34.489 Thread 0x0000026cdaea13b0 12405       3       com.fasterxml.jackson.core.json.WriterBasedJsonGenerator::writeString (91 bytes)
Event: 34.489 Thread 0x0000026cdaea13b0 nmethod 12405 0x0000026cbefc3b10 code [0x0000026cbefc3d20, 0x0000026cbefc40f0]
Event: 34.489 Thread 0x0000026cdaea13b0 12400       3       org.gradle.internal.cc.impl.problems.JsonWriter::jsonListItem (14 bytes)
Event: 34.490 Thread 0x0000026cdaea13b0 nmethod 12400 0x0000026cbefc4290 code [0x0000026cbefc44c0, 0x0000026cbefc4b30]
Event: 34.490 Thread 0x0000026cdaea13b0 12401   !   3       org.gradle.internal.cc.impl.problems.JsonWriter::jsonObject (70 bytes)
Event: 34.491 Thread 0x0000026cdaea13b0 nmethod 12401 0x0000026cbefc4d90 code [0x0000026cbefc50a0, 0x0000026cbefc5f30]
Event: 34.491 Thread 0x0000026cdaea13b0 12407       3       org.gradle.internal.cc.impl.problems.JsonWriter$JsonObject::<init> (25 bytes)
Event: 34.491 Thread 0x0000026cdaea13b0 nmethod 12407 0x0000026cbefc6690 code [0x0000026cbefc68e0, 0x0000026cbefc6fc0]
Event: 34.491 Thread 0x0000026cdaea13b0 12409       3       org.gradle.internal.cc.impl.problems.JsonWriter$JsonObject::close (8 bytes)
Event: 34.491 Thread 0x0000026cdaea13b0 nmethod 12409 0x0000026cbefc7310 code [0x0000026cbefc74c0, 0x0000026cbefc7678]
Event: 34.491 Thread 0x0000026cdaea13b0 12410       3       org.gradle.internal.cc.impl.problems.JsonWriter::endObject (8 bytes)
Event: 34.491 Thread 0x0000026cdaea13b0 nmethod 12410 0x0000026cbefc7790 code [0x0000026cbefc7940, 0x0000026cbefc7a90]
Event: 34.491 Thread 0x0000026cdaea13b0 12403       1       kotlin.sequences.SequenceBuilderIterator::setNextStep (6 bytes)
Event: 34.491 Thread 0x0000026cdaea13b0 nmethod 12403 0x0000026cc5aaa510 code [0x0000026cc5aaa6a0, 0x0000026cc5aaa788]
Event: 34.498 Thread 0x0000026cdaea13b0 12408       1       org.gradle.internal.cc.impl.fingerprint.ConfigurationCacheFingerprintController::access$getProblemFactory$p (5 bytes)

GC Heap History (20 events):
Event: 16.331 GC heap before
{Heap before GC invocations=15 (full 3):
 PSYoungGen      total 121344K, used 116224K [0x00000007aab00000, 0x00000007b3080000, 0x0000000800000000)
  eden space 116224K, 100% used [0x00000007aab00000,0x00000007b1c80000,0x00000007b1c80000)
  from space 5120K, 0% used [0x00000007b1f80000,0x00000007b1f80000,0x00000007b2480000)
  to   space 10240K, 0% used [0x00000007b2680000,0x00000007b2680000,0x00000007b3080000)
 ParOldGen       total 40960K, used 34104K [0x0000000700000000, 0x0000000702800000, 0x00000007aab00000)
  object space 40960K, 83% used [0x0000000700000000,0x000000070214e348,0x0000000702800000)
 Metaspace       used 60999K, committed 62528K, reserved 1114112K
  class space    used 8482K, committed 9216K, reserved 1048576K
}
Event: 16.342 GC heap after
{Heap after GC invocations=15 (full 3):
 PSYoungGen      total 118784K, used 7376K [0x00000007aab00000, 0x00000007b2e00000, 0x0000000800000000)
  eden space 111104K, 0% used [0x00000007aab00000,0x00000007aab00000,0x00000007b1780000)
  from space 7680K, 96% used [0x00000007b2680000,0x00000007b2db4020,0x00000007b2e00000)
  to   space 10752K, 0% used [0x00000007b1900000,0x00000007b1900000,0x00000007b2380000)
 ParOldGen       total 40960K, used 34112K [0x0000000700000000, 0x0000000702800000, 0x00000007aab00000)
  object space 40960K, 83% used [0x0000000700000000,0x0000000702150348,0x0000000702800000)
 Metaspace       used 60999K, committed 62528K, reserved 1114112K
  class space    used 8482K, committed 9216K, reserved 1048576K
}
Event: 19.987 GC heap before
{Heap before GC invocations=16 (full 3):
 PSYoungGen      total 118784K, used 118480K [0x00000007aab00000, 0x00000007b2e00000, 0x0000000800000000)
  eden space 111104K, 100% used [0x00000007aab00000,0x00000007b1780000,0x00000007b1780000)
  from space 7680K, 96% used [0x00000007b2680000,0x00000007b2db4020,0x00000007b2e00000)
  to   space 10752K, 0% used [0x00000007b1900000,0x00000007b1900000,0x00000007b2380000)
 ParOldGen       total 40960K, used 34112K [0x0000000700000000, 0x0000000702800000, 0x00000007aab00000)
  object space 40960K, 83% used [0x0000000700000000,0x0000000702150348,0x0000000702800000)
 Metaspace       used 69812K, committed 71552K, reserved 1114112K
  class space    used 9760K, committed 10560K, reserved 1048576K
}
Event: 20.018 GC heap after
{Heap after GC invocations=16 (full 3):
 PSYoungGen      total 115712K, used 9017K [0x00000007aab00000, 0x00000007b2a00000, 0x0000000800000000)
  eden space 106496K, 0% used [0x00000007aab00000,0x00000007aab00000,0x00000007b1300000)
  from space 9216K, 97% used [0x00000007b1900000,0x00000007b21ce490,0x00000007b2200000)
  to   space 8192K, 0% used [0x00000007b2200000,0x00000007b2200000,0x00000007b2a00000)
 ParOldGen       total 40960K, used 39762K [0x0000000700000000, 0x0000000702800000, 0x00000007aab00000)
  object space 40960K, 97% used [0x0000000700000000,0x00000007026d4b70,0x0000000702800000)
 Metaspace       used 69812K, committed 71552K, reserved 1114112K
  class space    used 9760K, committed 10560K, reserved 1048576K
}
Event: 22.552 GC heap before
{Heap before GC invocations=17 (full 3):
 PSYoungGen      total 115712K, used 115513K [0x00000007aab00000, 0x00000007b2a00000, 0x0000000800000000)
  eden space 106496K, 100% used [0x00000007aab00000,0x00000007b1300000,0x00000007b1300000)
  from space 9216K, 97% used [0x00000007b1900000,0x00000007b21ce490,0x00000007b2200000)
  to   space 8192K, 0% used [0x00000007b2200000,0x00000007b2200000,0x00000007b2a00000)
 ParOldGen       total 40960K, used 39762K [0x0000000700000000, 0x0000000702800000, 0x00000007aab00000)
  object space 40960K, 97% used [0x0000000700000000,0x00000007026d4b70,0x0000000702800000)
 Metaspace       used 79377K, committed 81344K, reserved 1179648K
  class space    used 11176K, committed 12096K, reserved 1048576K
}
Event: 22.575 GC heap after
{Heap after GC invocations=17 (full 3):
 PSYoungGen      total 105984K, used 3880K [0x00000007aab00000, 0x00000007b2600000, 0x0000000800000000)
  eden space 101888K, 0% used [0x00000007aab00000,0x00000007aab00000,0x00000007b0e80000)
  from space 4096K, 94% used [0x00000007b2200000,0x00000007b25ca0c0,0x00000007b2600000)
  to   space 11264K, 0% used [0x00000007b1000000,0x00000007b1000000,0x00000007b1b00000)
 ParOldGen       total 48640K, used 48545K [0x0000000700000000, 0x0000000702f80000, 0x00000007aab00000)
  object space 48640K, 99% used [0x0000000700000000,0x0000000702f685f8,0x0000000702f80000)
 Metaspace       used 79377K, committed 81344K, reserved 1179648K
  class space    used 11176K, committed 12096K, reserved 1048576K
}
Event: 25.694 GC heap before
{Heap before GC invocations=18 (full 3):
 PSYoungGen      total 105984K, used 105768K [0x00000007aab00000, 0x00000007b2600000, 0x0000000800000000)
  eden space 101888K, 100% used [0x00000007aab00000,0x00000007b0e80000,0x00000007b0e80000)
  from space 4096K, 94% used [0x00000007b2200000,0x00000007b25ca0c0,0x00000007b2600000)
  to   space 11264K, 0% used [0x00000007b1000000,0x00000007b1000000,0x00000007b1b00000)
 ParOldGen       total 48640K, used 48545K [0x0000000700000000, 0x0000000702f80000, 0x00000007aab00000)
  object space 48640K, 99% used [0x0000000700000000,0x0000000702f685f8,0x0000000702f80000)
 Metaspace       used 83565K, committed 85504K, reserved 1179648K
  class space    used 11737K, committed 12672K, reserved 1048576K
}
Event: 25.709 GC heap after
{Heap after GC invocations=18 (full 3):
 PSYoungGen      total 104448K, used 6320K [0x00000007aab00000, 0x00000007b2280000, 0x0000000800000000)
  eden space 97792K, 0% used [0x00000007aab00000,0x00000007aab00000,0x00000007b0a80000)
  from space 6656K, 94% used [0x00000007b1000000,0x00000007b162c020,0x00000007b1680000)
  to   space 11264K, 0% used [0x00000007b1780000,0x00000007b1780000,0x00000007b2280000)
 ParOldGen       total 52224K, used 52124K [0x0000000700000000, 0x0000000703300000, 0x00000007aab00000)
  object space 52224K, 99% used [0x0000000700000000,0x00000007032e70e0,0x0000000703300000)
 Metaspace       used 83565K, committed 85504K, reserved 1179648K
  class space    used 11737K, committed 12672K, reserved 1048576K
}
Event: 26.412 GC heap before
{Heap before GC invocations=19 (full 3):
 PSYoungGen      total 104448K, used 104112K [0x00000007aab00000, 0x00000007b2280000, 0x0000000800000000)
  eden space 97792K, 100% used [0x00000007aab00000,0x00000007b0a80000,0x00000007b0a80000)
  from space 6656K, 94% used [0x00000007b1000000,0x00000007b162c020,0x00000007b1680000)
  to   space 11264K, 0% used [0x00000007b1780000,0x00000007b1780000,0x00000007b2280000)
 ParOldGen       total 52224K, used 52124K [0x0000000700000000, 0x0000000703300000, 0x00000007aab00000)
  object space 52224K, 99% used [0x0000000700000000,0x00000007032e70e0,0x0000000703300000)
 Metaspace       used 83781K, committed 85760K, reserved 1179648K
  class space    used 11738K, committed 12672K, reserved 1048576K
}
Event: 26.430 GC heap after
{Heap after GC invocations=19 (full 3):
 PSYoungGen      total 111104K, used 1760K [0x00000007aab00000, 0x00000007b8000000, 0x0000000800000000)
  eden space 99840K, 0% used [0x00000007aab00000,0x00000007aab00000,0x00000007b0c80000)
  from space 11264K, 15% used [0x00000007b1780000,0x00000007b1938000,0x00000007b2280000)
  to   space 11264K, 0% used [0x00000007b0c80000,0x00000007b0c80000,0x00000007b1780000)
 ParOldGen       total 58368K, used 58196K [0x0000000700000000, 0x0000000703900000, 0x00000007aab00000)
  object space 58368K, 99% used [0x0000000700000000,0x00000007038d5180,0x0000000703900000)
 Metaspace       used 83781K, committed 85760K, reserved 1179648K
  class space    used 11738K, committed 12672K, reserved 1048576K
}
Event: 26.880 GC heap before
{Heap before GC invocations=20 (full 3):
 PSYoungGen      total 111104K, used 101600K [0x00000007aab00000, 0x00000007b8000000, 0x0000000800000000)
  eden space 99840K, 100% used [0x00000007aab00000,0x00000007b0c80000,0x00000007b0c80000)
  from space 11264K, 15% used [0x00000007b1780000,0x00000007b1938000,0x00000007b2280000)
  to   space 11264K, 0% used [0x00000007b0c80000,0x00000007b0c80000,0x00000007b1780000)
 ParOldGen       total 58368K, used 58196K [0x0000000700000000, 0x0000000703900000, 0x00000007aab00000)
  object space 58368K, 99% used [0x0000000700000000,0x00000007038d5180,0x0000000703900000)
 Metaspace       used 83852K, committed 85888K, reserved 1179648K
  class space    used 11738K, committed 12672K, reserved 1048576K
}
Event: 26.886 GC heap after
{Heap after GC invocations=20 (full 3):
 PSYoungGen      total 111104K, used 1472K [0x00000007aab00000, 0x00000007b5d00000, 0x0000000800000000)
  eden space 99840K, 0% used [0x00000007aab00000,0x00000007aab00000,0x00000007b0c80000)
  from space 11264K, 13% used [0x00000007b0c80000,0x00000007b0df0000,0x00000007b1780000)
  to   space 11264K, 0% used [0x00000007b5200000,0x00000007b5200000,0x00000007b5d00000)
 ParOldGen       total 59904K, used 59704K [0x0000000700000000, 0x0000000703a80000, 0x00000007aab00000)
  object space 59904K, 99% used [0x0000000700000000,0x0000000703a4e1b0,0x0000000703a80000)
 Metaspace       used 83852K, committed 85888K, reserved 1179648K
  class space    used 11738K, committed 12672K, reserved 1048576K
}
Event: 27.251 GC heap before
{Heap before GC invocations=21 (full 3):
 PSYoungGen      total 111104K, used 101312K [0x00000007aab00000, 0x00000007b5d00000, 0x0000000800000000)
  eden space 99840K, 100% used [0x00000007aab00000,0x00000007b0c80000,0x00000007b0c80000)
  from space 11264K, 13% used [0x00000007b0c80000,0x00000007b0df0000,0x00000007b1780000)
  to   space 11264K, 0% used [0x00000007b5200000,0x00000007b5200000,0x00000007b5d00000)
 ParOldGen       total 59904K, used 59704K [0x0000000700000000, 0x0000000703a80000, 0x00000007aab00000)
  object space 59904K, 99% used [0x0000000700000000,0x0000000703a4e1b0,0x0000000703a80000)
 Metaspace       used 83868K, committed 85888K, reserved 1179648K
  class space    used 11738K, committed 12672K, reserved 1048576K
}
Event: 27.257 GC heap after
{Heap after GC invocations=21 (full 3):
 PSYoungGen      total 171008K, used 1120K [0x00000007aab00000, 0x00000007b5d00000, 0x0000000800000000)
  eden space 159744K, 0% used [0x00000007aab00000,0x00000007aab00000,0x00000007b4700000)
  from space 11264K, 9% used [0x00000007b5200000,0x00000007b5318000,0x00000007b5d00000)
  to   space 11264K, 0% used [0x00000007b4700000,0x00000007b4700000,0x00000007b5200000)
 ParOldGen       total 60928K, used 60924K [0x0000000700000000, 0x0000000703b80000, 0x00000007aab00000)
  object space 60928K, 99% used [0x0000000700000000,0x0000000703b7f240,0x0000000703b80000)
 Metaspace       used 83868K, committed 85888K, reserved 1179648K
  class space    used 11738K, committed 12672K, reserved 1048576K
}
Event: 28.009 GC heap before
{Heap before GC invocations=22 (full 3):
 PSYoungGen      total 171008K, used 160864K [0x00000007aab00000, 0x00000007b5d00000, 0x0000000800000000)
  eden space 159744K, 100% used [0x00000007aab00000,0x00000007b4700000,0x00000007b4700000)
  from space 11264K, 9% used [0x00000007b5200000,0x00000007b5318000,0x00000007b5d00000)
  to   space 11264K, 0% used [0x00000007b4700000,0x00000007b4700000,0x00000007b5200000)
 ParOldGen       total 60928K, used 60924K [0x0000000700000000, 0x0000000703b80000, 0x00000007aab00000)
  object space 60928K, 99% used [0x0000000700000000,0x0000000703b7f240,0x0000000703b80000)
 Metaspace       used 83874K, committed 85888K, reserved 1179648K
  class space    used 11738K, committed 12672K, reserved 1048576K
}
Event: 28.183 GC heap after
{Heap after GC invocations=22 (full 3):
 PSYoungGen      total 171008K, used 1488K [0x00000007aab00000, 0x00000007b5d00000, 0x0000000800000000)
  eden space 159744K, 0% used [0x00000007aab00000,0x00000007aab00000,0x00000007b4700000)
  from space 11264K, 13% used [0x00000007b4700000,0x00000007b4874010,0x00000007b5200000)
  to   space 11264K, 0% used [0x00000007b5200000,0x00000007b5200000,0x00000007b5d00000)
 ParOldGen       total 61952K, used 61828K [0x0000000700000000, 0x0000000703c80000, 0x00000007aab00000)
  object space 61952K, 99% used [0x0000000700000000,0x0000000703c61240,0x0000000703c80000)
 Metaspace       used 83874K, committed 85888K, reserved 1179648K
  class space    used 11738K, committed 12672K, reserved 1048576K
}
Event: 28.908 GC heap before
{Heap before GC invocations=23 (full 3):
 PSYoungGen      total 171008K, used 161232K [0x00000007aab00000, 0x00000007b5d00000, 0x0000000800000000)
  eden space 159744K, 100% used [0x00000007aab00000,0x00000007b4700000,0x00000007b4700000)
  from space 11264K, 13% used [0x00000007b4700000,0x00000007b4874010,0x00000007b5200000)
  to   space 11264K, 0% used [0x00000007b5200000,0x00000007b5200000,0x00000007b5d00000)
 ParOldGen       total 61952K, used 61828K [0x0000000700000000, 0x0000000703c80000, 0x00000007aab00000)
  object space 61952K, 99% used [0x0000000700000000,0x0000000703c61240,0x0000000703c80000)
 Metaspace       used 83876K, committed 85888K, reserved 1179648K
  class space    used 11739K, committed 12672K, reserved 1048576K
}
Event: 28.913 GC heap after
{Heap after GC invocations=23 (full 3):
 PSYoungGen      total 171008K, used 1328K [0x00000007aab00000, 0x00000007b5d00000, 0x0000000800000000)
  eden space 159744K, 0% used [0x00000007aab00000,0x00000007aab00000,0x00000007b4700000)
  from space 11264K, 11% used [0x00000007b5200000,0x00000007b534c010,0x00000007b5d00000)
  to   space 11264K, 0% used [0x00000007b4700000,0x00000007b4700000,0x00000007b5200000)
 ParOldGen       total 63488K, used 63092K [0x0000000700000000, 0x0000000703e00000, 0x00000007aab00000)
  object space 63488K, 99% used [0x0000000700000000,0x0000000703d9d290,0x0000000703e00000)
 Metaspace       used 83876K, committed 85888K, reserved 1179648K
  class space    used 11739K, committed 12672K, reserved 1048576K
}
Event: 30.665 GC heap before
{Heap before GC invocations=24 (full 3):
 PSYoungGen      total 171008K, used 161072K [0x00000007aab00000, 0x00000007b5d00000, 0x0000000800000000)
  eden space 159744K, 100% used [0x00000007aab00000,0x00000007b4700000,0x00000007b4700000)
  from space 11264K, 11% used [0x00000007b5200000,0x00000007b534c010,0x00000007b5d00000)
  to   space 11264K, 0% used [0x00000007b4700000,0x00000007b4700000,0x00000007b5200000)
 ParOldGen       total 63488K, used 63092K [0x0000000700000000, 0x0000000703e00000, 0x00000007aab00000)
  object space 63488K, 99% used [0x0000000700000000,0x0000000703d9d290,0x0000000703e00000)
 Metaspace       used 85698K, committed 87744K, reserved 1179648K
  class space    used 11955K, committed 12928K, reserved 1048576K
}
Event: 30.850 GC heap after
{Heap after GC invocations=24 (full 3):
 PSYoungGen      total 171008K, used 11252K [0x00000007aab00000, 0x00000007b5d00000, 0x0000000800000000)
  eden space 159744K, 0% used [0x00000007aab00000,0x00000007aab00000,0x00000007b4700000)
  from space 11264K, 99% used [0x00000007b4700000,0x00000007b51fd2f8,0x00000007b5200000)
  to   space 11264K, 0% used [0x00000007b5200000,0x00000007b5200000,0x00000007b5d00000)
 ParOldGen       total 73728K, used 73564K [0x0000000700000000, 0x0000000704800000, 0x00000007aab00000)
  object space 73728K, 99% used [0x0000000700000000,0x00000007047d73a8,0x0000000704800000)
 Metaspace       used 85698K, committed 87744K, reserved 1179648K
  class space    used 11955K, committed 12928K, reserved 1048576K
}

Dll operation events (3 events):
Event: 0.018 Loaded shared library C:\Program Files\Android\Android Studio1\jbr\bin\java.dll
Event: 0.027 Loaded shared library C:\Program Files\Android\Android Studio1\jbr\bin\zip.dll
Event: 1.724 Loaded shared library C:\Program Files\Android\Android Studio1\jbr\bin\verify.dll

Deoptimization events (20 events):
Event: 32.027 Thread 0x0000026cde874060 Uncommon trap: trap_request=0xffffff45 fr.pc=0x0000026cc58844a0 relative=0x0000000000000200
Event: 32.027 Thread 0x0000026cde874060 Uncommon trap: reason=unstable_if action=reinterpret pc=0x0000026cc58844a0 method=java.lang.StringUTF16.compress([BI[BII)I @ 29 c2
Event: 32.027 Thread 0x0000026cde874060 DEOPT PACKING pc=0x0000026cc58844a0 sp=0x000000c5260f6370
Event: 32.027 Thread 0x0000026cde874060 DEOPT UNPACKING pc=0x0000026cc4f53aa2 sp=0x000000c5260f6338 mode 2
Event: 32.225 Thread 0x0000026cde874060 Uncommon trap: trap_request=0xffffffde fr.pc=0x0000026cc5a011e8 relative=0x0000000000000228
Event: 32.225 Thread 0x0000026cde874060 Uncommon trap: reason=class_check action=maybe_recompile pc=0x0000026cc5a011e8 method=com.google.common.collect.NaturalOrdering.compare(Ljava/lang/Object;Ljava/lang/Object;)I @ 2 c2
Event: 32.225 Thread 0x0000026cde874060 DEOPT PACKING pc=0x0000026cc5a011e8 sp=0x000000c5260f6940
Event: 32.225 Thread 0x0000026cde874060 DEOPT UNPACKING pc=0x0000026cc4f53aa2 sp=0x000000c5260f68c0 mode 2
Event: 32.225 Thread 0x0000026cde874060 Uncommon trap: trap_request=0xffffffde fr.pc=0x0000026cc5a011e8 relative=0x0000000000000228
Event: 32.225 Thread 0x0000026cde874060 Uncommon trap: reason=class_check action=maybe_recompile pc=0x0000026cc5a011e8 method=com.google.common.collect.NaturalOrdering.compare(Ljava/lang/Object;Ljava/lang/Object;)I @ 2 c2
Event: 32.225 Thread 0x0000026cde874060 DEOPT PACKING pc=0x0000026cc5a011e8 sp=0x000000c5260f6ac0
Event: 32.225 Thread 0x0000026cde874060 DEOPT UNPACKING pc=0x0000026cc4f53aa2 sp=0x000000c5260f6a58 mode 2
Event: 34.439 Thread 0x0000026cde874060 Uncommon trap: trap_request=0xffffffc6 fr.pc=0x0000026cc5985048 relative=0x0000000000000068
Event: 34.439 Thread 0x0000026cde874060 Uncommon trap: reason=bimorphic_or_optimized_type_check action=maybe_recompile pc=0x0000026cc5985048 method=java.util.AbstractQueue.add(Ljava/lang/Object;)Z @ 2 c2
Event: 34.439 Thread 0x0000026cde874060 DEOPT PACKING pc=0x0000026cc5985048 sp=0x000000c5260f71f0
Event: 34.446 Thread 0x0000026cde874060 DEOPT UNPACKING pc=0x0000026cc4f53aa2 sp=0x000000c5260f71a8 mode 2
Event: 34.446 Thread 0x0000026cde874060 Uncommon trap: trap_request=0xffffffc6 fr.pc=0x0000026cc5985048 relative=0x0000000000000068
Event: 34.446 Thread 0x0000026cde874060 Uncommon trap: reason=bimorphic_or_optimized_type_check action=maybe_recompile pc=0x0000026cc5985048 method=java.util.AbstractQueue.add(Ljava/lang/Object;)Z @ 2 c2
Event: 34.446 Thread 0x0000026cde874060 DEOPT PACKING pc=0x0000026cc5985048 sp=0x000000c5260f71f0
Event: 34.446 Thread 0x0000026cde874060 DEOPT UNPACKING pc=0x0000026cc4f53aa2 sp=0x000000c5260f71a8 mode 2

Classes loaded (20 events):
Event: 33.867 Loading class java/time/format/DateTimeFormatterBuilder$ZoneIdPrinterParser
Event: 33.867 Loading class java/time/format/DateTimeFormatterBuilder$ZoneIdPrinterParser done
Event: 33.881 Loading class java/time/format/DateTimeFormatterBuilder$StringLiteralPrinterParser
Event: 33.881 Loading class java/time/format/DateTimeFormatterBuilder$StringLiteralPrinterParser done
Event: 33.882 Loading class java/time/format/DateTimeFormatterBuilder$InstantPrinterParser
Event: 33.883 Loading class java/time/format/DateTimeFormatterBuilder$InstantPrinterParser done
Event: 33.886 Loading class java/time/format/DateTimeTextProvider$LocaleStore
Event: 33.887 Loading class java/time/format/DateTimeTextProvider$LocaleStore done
Event: 33.888 Loading class java/time/format/DateTimeTextProvider
Event: 33.889 Loading class java/time/format/DateTimeTextProvider done
Event: 33.889 Loading class java/time/format/DateTimeTextProvider$1
Event: 33.890 Loading class java/time/format/DateTimeTextProvider$1 done
Event: 33.890 Loading class java/time/format/DateTimeFormatterBuilder$1
Event: 33.891 Loading class java/time/format/DateTimeFormatterBuilder$1 done
Event: 33.891 Loading class java/time/format/DateTimeFormatterBuilder$TextPrinterParser
Event: 33.892 Loading class java/time/format/DateTimeFormatterBuilder$TextPrinterParser done
Event: 33.895 Loading class java/util/concurrent/Executors$DefaultThreadFactory
Event: 33.895 Loading class java/util/concurrent/Executors$DefaultThreadFactory done
Event: 34.402 Loading class sun/misc/Unsafe
Event: 34.404 Loading class sun/misc/Unsafe done

Classes unloaded (0 events):
No events

Classes redefined (0 events):
No events

Internal exceptions (20 events):
Event: 34.418 Thread 0x0000026cde874060 Exception <a 'sun/nio/fs/WindowsException'{0x00000007ae0042d0}> (0x00000007ae0042d0) 
thrown [s\src\hotspot\share\prims\jni.cpp, line 537]
Event: 34.420 Thread 0x0000026cde874060 Exception <a 'sun/nio/fs/WindowsException'{0x00000007ae015230}> (0x00000007ae015230) 
thrown [s\src\hotspot\share\prims\jni.cpp, line 537]
Event: 34.422 Thread 0x0000026cde874060 Exception <a 'sun/nio/fs/WindowsException'{0x00000007ae0222c8}> (0x00000007ae0222c8) 
thrown [s\src\hotspot\share\prims\jni.cpp, line 537]
Event: 34.424 Thread 0x0000026cde874060 Exception <a 'sun/nio/fs/WindowsException'{0x00000007ae031af8}> (0x00000007ae031af8) 
thrown [s\src\hotspot\share\prims\jni.cpp, line 537]
Event: 34.433 Thread 0x0000026cde874060 Exception <a 'sun/nio/fs/WindowsException'{0x00000007ae03cbe0}> (0x00000007ae03cbe0) 
thrown [s\src\hotspot\share\prims\jni.cpp, line 537]
Event: 34.434 Thread 0x0000026cde874060 Exception <a 'sun/nio/fs/WindowsException'{0x00000007ae048818}> (0x00000007ae048818) 
thrown [s\src\hotspot\share\prims\jni.cpp, line 537]
Event: 34.437 Thread 0x0000026cde874060 Exception <a 'sun/nio/fs/WindowsException'{0x00000007ae066c10}> (0x00000007ae066c10) 
thrown [s\src\hotspot\share\prims\jni.cpp, line 537]
Event: 34.437 Thread 0x0000026cde874060 Exception <a 'sun/nio/fs/WindowsException'{0x00000007ae073c20}> (0x00000007ae073c20) 
thrown [s\src\hotspot\share\prims\jni.cpp, line 537]
Event: 34.438 Thread 0x0000026cde874060 Exception <a 'sun/nio/fs/WindowsException'{0x00000007ae07f5f0}> (0x00000007ae07f5f0) 
thrown [s\src\hotspot\share\prims\jni.cpp, line 537]
Event: 34.438 Thread 0x0000026cde874060 Exception <a 'sun/nio/fs/WindowsException'{0x00000007ae08aac8}> (0x00000007ae08aac8) 
thrown [s\src\hotspot\share\prims\jni.cpp, line 537]
Event: 34.446 Thread 0x0000026cde874060 Exception <a 'sun/nio/fs/WindowsException'{0x00000007ae097e98}> (0x00000007ae097e98) 
thrown [s\src\hotspot\share\prims\jni.cpp, line 537]
Event: 34.447 Thread 0x0000026cde874060 Exception <a 'sun/nio/fs/WindowsException'{0x00000007ae0a2aa0}> (0x00000007ae0a2aa0) 
thrown [s\src\hotspot\share\prims\jni.cpp, line 537]
Event: 34.447 Thread 0x0000026cde874060 Exception <a 'sun/nio/fs/WindowsException'{0x00000007ae0ae850}> (0x00000007ae0ae850) 
thrown [s\src\hotspot\share\prims\jni.cpp, line 537]
Event: 34.449 Thread 0x0000026cde874060 Exception <a 'sun/nio/fs/WindowsException'{0x00000007ae0c0590}> (0x00000007ae0c0590) 
thrown [s\src\hotspot\share\prims\jni.cpp, line 537]
Event: 34.450 Thread 0x0000026cde874060 Exception <a 'sun/nio/fs/WindowsException'{0x00000007ae0cc2f0}> (0x00000007ae0cc2f0) 
thrown [s\src\hotspot\share\prims\jni.cpp, line 537]
Event: 34.459 Thread 0x0000026cde874060 Exception <a 'sun/nio/fs/WindowsException'{0x00000007ae1073b0}> (0x00000007ae1073b0) 
thrown [s\src\hotspot\share\prims\jni.cpp, line 537]
Event: 34.461 Thread 0x0000026cde874060 Exception <a 'sun/nio/fs/WindowsException'{0x00000007ae11c940}> (0x00000007ae11c940) 
thrown [s\src\hotspot\share\prims\jni.cpp, line 537]
Event: 34.471 Thread 0x0000026cde874060 Exception <a 'sun/nio/fs/WindowsException'{0x00000007ae12a510}> (0x00000007ae12a510) 
thrown [s\src\hotspot\share\prims\jni.cpp, line 537]
Event: 34.474 Thread 0x0000026cde874060 Exception <a 'sun/nio/fs/WindowsException'{0x00000007ae16c758}> (0x00000007ae16c758) 
thrown [s\src\hotspot\share\prims\jni.cpp, line 537]
Event: 34.486 Thread 0x0000026cde874060 Exception <a 'sun/nio/fs/WindowsException'{0x00000007ae18bb98}> (0x00000007ae18bb98) 
thrown [s\src\hotspot\share\prims\jni.cpp, line 537]

ZGC Phase Switch (0 events):
No events

VM Operations (20 events):
Event: 28.908 Executing safepoint VM operation: ParallelGCFailedAllocation (Allocation Failure)
Event: 28.914 Executing safepoint VM operation: ParallelGCFailedAllocation (Allocation Failure) done
Event: 29.400 Executing safepoint VM operation: ICBufferFull
Event: 29.400 Executing safepoint VM operation: ICBufferFull done
Event: 29.622 Executing safepoint VM operation: ICBufferFull
Event: 29.622 Executing safepoint VM operation: ICBufferFull done
Event: 30.623 Executing safepoint VM operation: Cleanup
Event: 30.623 Executing safepoint VM operation: Cleanup done
Event: 30.665 Executing safepoint VM operation: ParallelGCFailedAllocation (Allocation Failure)
Event: 30.854 Executing safepoint VM operation: ParallelGCFailedAllocation (Allocation Failure) done
Event: 31.143 Executing non-safepoint VM operation: HandshakeAllThreads (Deoptimize)
Event: 31.144 Executing non-safepoint VM operation: HandshakeAllThreads (Deoptimize) done
Event: 32.145 Executing safepoint VM operation: Cleanup
Event: 32.156 Executing safepoint VM operation: Cleanup done
Event: 33.156 Executing safepoint VM operation: Cleanup
Event: 33.182 Executing safepoint VM operation: Cleanup done
Event: 34.242 Executing non-safepoint VM operation: HandshakeAllThreads (Deoptimize)
Event: 34.242 Executing non-safepoint VM operation: HandshakeAllThreads (Deoptimize) done
Event: 34.242 Executing safepoint VM operation: Cleanup
Event: 34.242 Executing safepoint VM operation: Cleanup done

Memory protections (0 events):
No events

Nmethod flushes (20 events):
Event: 14.321 Thread 0x0000026cba923200 flushing  nmethod 0x0000026cbdc15290
Event: 14.321 Thread 0x0000026cba923200 flushing  nmethod 0x0000026cbdc1f590
Event: 14.321 Thread 0x0000026cba923200 flushing  nmethod 0x0000026cbdc2ae10
Event: 14.321 Thread 0x0000026cba923200 flushing  nmethod 0x0000026cbdd5f690
Event: 14.321 Thread 0x0000026cba923200 flushing  nmethod 0x0000026cbdd79a90
Event: 14.321 Thread 0x0000026cba923200 flushing  nmethod 0x0000026cbddac410
Event: 14.321 Thread 0x0000026cba923200 flushing  nmethod 0x0000026cbddb2990
Event: 14.321 Thread 0x0000026cba923200 flushing  nmethod 0x0000026cbdddcd10
Event: 14.321 Thread 0x0000026cba923200 flushing  nmethod 0x0000026cbdddde10
Event: 14.321 Thread 0x0000026cba923200 flushing  nmethod 0x0000026cbddebb90
Event: 14.321 Thread 0x0000026cba923200 flushing  nmethod 0x0000026cbde23e10
Event: 14.321 Thread 0x0000026cba923200 flushing  nmethod 0x0000026cbde2ce10
Event: 14.321 Thread 0x0000026cba923200 flushing  nmethod 0x0000026cbde32910
Event: 14.321 Thread 0x0000026cba923200 flushing  nmethod 0x0000026cbde41010
Event: 14.321 Thread 0x0000026cba923200 flushing  nmethod 0x0000026cbde50290
Event: 14.321 Thread 0x0000026cba923200 flushing  nmethod 0x0000026cbde6bc90
Event: 14.321 Thread 0x0000026cba923200 flushing  nmethod 0x0000026cbde7d490
Event: 14.321 Thread 0x0000026cba923200 flushing  nmethod 0x0000026cbded2990
Event: 14.321 Thread 0x0000026cba923200 flushing  nmethod 0x0000026cbded9990
Event: 14.321 Thread 0x0000026cba923200 flushing  nmethod 0x0000026cbdf4ab90

Events (20 events):
Event: 24.962 Thread 0x0000026cde874060 Thread added: 0x0000026cdf299730
Event: 24.964 Thread 0x0000026cde874060 Thread added: 0x0000026cdf297cf0
Event: 24.966 Thread 0x0000026cde874060 Thread added: 0x0000026cdf29b170
Event: 24.969 Thread 0x0000026cde874060 Thread added: 0x0000026cdf29e5f0
Event: 24.971 Thread 0x0000026cde874060 Thread added: 0x0000026cdf29aae0
Event: 24.975 Thread 0x0000026cde874060 Thread added: 0x0000026cdf29f310
Event: 24.977 Thread 0x0000026cde874060 Thread added: 0x0000026cdf299dc0
Event: 25.925 Thread 0x0000026cde874060 Thread added: 0x0000026cdf298380
Event: 25.926 Thread 0x0000026cde874060 Thread added: 0x0000026cdf29d240
Event: 25.927 Thread 0x0000026cde874060 Thread added: 0x0000026cdf29cbb0
Event: 25.929 Thread 0x0000026cde874060 Thread added: 0x0000026cdf2990a0
Event: 25.929 Thread 0x0000026cde874060 Thread added: 0x0000026cdf298a10
Event: 25.930 Thread 0x0000026cde874060 Thread added: 0x0000026cdf29a450
Event: 25.931 Thread 0x0000026cde874060 Thread added: 0x0000026ce11de730
Event: 25.932 Thread 0x0000026cde874060 Thread added: 0x0000026ce11d9f00
Event: 25.933 Thread 0x0000026cde874060 Thread added: 0x0000026ce11d84c0
Event: 25.935 Thread 0x0000026cde874060 Thread added: 0x0000026ce11da590
Event: 25.936 Thread 0x0000026cde874060 Thread added: 0x0000026ce11d8b50
Event: 32.038 Thread 0x0000026cde874060 Thread added: 0x0000026ce11dac20
Event: 34.261 Thread 0x0000026cde874060 Thread added: 0x0000026ce11dc660


Dynamic libraries:
0x00007ff7df3c0000 - 0x00007ff7df3ca000 	C:\Program Files\Android\Android Studio1\jbr\bin\java.exe
0x00007ff9d7540000 - 0x00007ff9d772d000 	C:\Windows\SYSTEM32\ntdll.dll
0x00007ff9d7230000 - 0x00007ff9d72e3000 	C:\Windows\System32\KERNEL32.DLL
0x00007ff9d3610000 - 0x00007ff9d38a3000 	C:\Windows\System32\KERNELBASE.dll
0x00007ff9d3ab0000 - 0x00007ff9d3bac000 	C:\Windows\System32\ucrtbase.dll
0x00007ff99f950000 - 0x00007ff99f96b000 	C:\Program Files\Android\Android Studio1\jbr\bin\VCRUNTIME140.dll
0x00007ff9c2da0000 - 0x00007ff9c2db8000 	C:\Program Files\Android\Android Studio1\jbr\bin\jli.dll
0x00007ff9d48a0000 - 0x00007ff9d4a37000 	C:\Windows\System32\USER32.dll
0x00007ff9d3a90000 - 0x00007ff9d3ab0000 	C:\Windows\System32\win32u.dll
0x00007ff9d4fa0000 - 0x00007ff9d4fc9000 	C:\Windows\System32\GDI32.dll
0x00007ff9d45d0000 - 0x00007ff9d476a000 	C:\Windows\System32\gdi32full.dll
0x00007ff9d3c80000 - 0x00007ff9d3d20000 	C:\Windows\System32\msvcp_win.dll
0x00007ff9b72d0000 - 0x00007ff9b7549000 	C:\Windows\WinSxS\amd64_microsoft.windows.common-controls_6595b64144ccf1df_6.0.17763.55_none_bfabd67a2c8ec77e\COMCTL32.dll
0x00007ff9d4b70000 - 0x00007ff9d4c0e000 	C:\Windows\System32\msvcrt.dll
0x00007ff9d4c70000 - 0x00007ff9d4f9e000 	C:\Windows\System32\combase.dll
0x00007ff9d4a40000 - 0x00007ff9d4b63000 	C:\Windows\System32\RPCRT4.dll
0x00007ff9d3bb0000 - 0x00007ff9d3c2e000 	C:\Windows\System32\bcryptPrimitives.dll
0x00007ff9d7100000 - 0x00007ff9d712e000 	C:\Windows\System32\IMM32.DLL
0x00007ff9b99b0000 - 0x00007ff9b99bc000 	C:\Program Files\Android\Android Studio1\jbr\bin\vcruntime140_1.dll
0x00007ff986850000 - 0x00007ff9868dd000 	C:\Program Files\Android\Android Studio1\jbr\bin\msvcp140.dll
0x00007ff980780000 - 0x00007ff981416000 	C:\Program Files\Android\Android Studio1\jbr\bin\server\jvm.dll
0x00007ff9d7450000 - 0x00007ff9d74f3000 	C:\Windows\System32\ADVAPI32.dll
0x00007ff9d7000000 - 0x00007ff9d709e000 	C:\Windows\System32\sechost.dll
0x00007ff9d3560000 - 0x00007ff9d35bd000 	C:\Windows\System32\POWRPROF.dll
0x00007ff9d71c0000 - 0x00007ff9d722d000 	C:\Windows\System32\WS2_32.dll
0x00007ff9d0bf0000 - 0x00007ff9d0c14000 	C:\Windows\SYSTEM32\WINMM.dll
0x00007ff9c13d0000 - 0x00007ff9c13da000 	C:\Windows\SYSTEM32\VERSION.dll
0x00007ff9d09f0000 - 0x00007ff9d0a1d000 	C:\Windows\SYSTEM32\winmmbase.dll
0x00007ff9d3c30000 - 0x00007ff9d3c7a000 	C:\Windows\System32\cfgmgr32.dll
0x00007ff9d3540000 - 0x00007ff9d3551000 	C:\Windows\System32\kernel.appcore.dll
0x00007ff9b2db0000 - 0x00007ff9b2dba000 	C:\Program Files\Android\Android Studio1\jbr\bin\jimage.dll
0x00007ff9d1e00000 - 0x00007ff9d1fed000 	C:\Windows\SYSTEM32\DBGHELP.DLL
0x00007ff9b6770000 - 0x00007ff9b679a000 	C:\Windows\SYSTEM32\dbgcore.DLL
0x00007ff9ccfb0000 - 0x00007ff9ccfbe000 	C:\Program Files\Android\Android Studio1\jbr\bin\instrument.dll
0x00007ff99cd00000 - 0x00007ff99cd20000 	C:\Program Files\Android\Android Studio1\jbr\bin\java.dll
0x00007ff99cbe0000 - 0x00007ff99cbf8000 	C:\Program Files\Android\Android Studio1\jbr\bin\zip.dll
0x00007ff9d5260000 - 0x00007ff9d674f000 	C:\Windows\System32\SHELL32.dll
0x00007ff9d6750000 - 0x00007ff9d67f8000 	C:\Windows\System32\shcore.dll
0x00007ff9d3d20000 - 0x00007ff9d4468000 	C:\Windows\System32\windows.storage.dll
0x00007ff9d35e0000 - 0x00007ff9d3604000 	C:\Windows\System32\profapi.dll
0x00007ff9d70a0000 - 0x00007ff9d70f2000 	C:\Windows\System32\shlwapi.dll
0x00007ff9d45b0000 - 0x00007ff9d45c7000 	C:\Windows\System32\cryptsp.dll
0x00007ff9b2cd0000 - 0x00007ff9b2ce0000 	C:\Program Files\Android\Android Studio1\jbr\bin\net.dll
0x00007ff9cc840000 - 0x00007ff9cc931000 	C:\Windows\SYSTEM32\WINHTTP.dll
0x00007ff9d2dd0000 - 0x00007ff9d2e37000 	C:\Windows\system32\mswsock.dll
0x00007ff99a2b0000 - 0x00007ff99a2c6000 	C:\Program Files\Android\Android Studio1\jbr\bin\nio.dll
0x00007ff9aecf0000 - 0x00007ff9aed00000 	C:\Program Files\Android\Android Studio1\jbr\bin\verify.dll
0x00007ff9c2dc0000 - 0x00007ff9c2de7000 	C:\Users\hp\.gradle\native\1def1411415f61bf3af743bc5b6707747c0891f09f0c88961ee8f79bc544acac\windows-amd64\native-platform.dll
0x00007ff9a0110000 - 0x00007ff9a0187000 	C:\Users\hp\.gradle\native\0.2.8\x86_64-windows-gnu\gradle-fileevents.dll
0x00007ff9b0770000 - 0x00007ff9b0779000 	C:\Program Files\Android\Android Studio1\jbr\bin\management.dll
0x00007ff9b05c0000 - 0x00007ff9b05cb000 	C:\Program Files\Android\Android Studio1\jbr\bin\management_ext.dll
0x00007ff9d7500000 - 0x00007ff9d7508000 	C:\Windows\System32\PSAPI.DLL
0x00007ff9d2b30000 - 0x00007ff9d2b6d000 	C:\Windows\SYSTEM32\IPHLPAPI.DLL
0x00007ff9d71b0000 - 0x00007ff9d71b8000 	C:\Windows\System32\NSI.dll
0x00007ff9b0de0000 - 0x00007ff9b0de9000 	C:\Program Files\Android\Android Studio1\jbr\bin\extnet.dll
0x00007ff9d2990000 - 0x00007ff9d29c3000 	C:\Windows\system32\rsaenh.dll
0x00007ff9d4520000 - 0x00007ff9d4546000 	C:\Windows\System32\bcrypt.dll
0x00007ff9d3440000 - 0x00007ff9d3468000 	C:\Windows\SYSTEM32\USERENV.dll
0x00007ff9d2fa0000 - 0x00007ff9d2fac000 	C:\Windows\SYSTEM32\CRYPTBASE.dll
0x00007ff9b2010000 - 0x00007ff9b2017000 	C:\Windows\system32\wshunix.dll

JVMTI agents:
C:\Users\hp\.gradle\wrapper\dists\gradle-9.1.0-bin\9agqghryom9wkf8r80qlhnts3\gradle-9.1.0\lib\agents\gradle-instrumentation-agent-9.1.0.jar path:C:\Program Files\Android\Android Studio1\jbr\bin\instrument.dll, loaded, initialized, instrumentlib options:none

dbghelp: loaded successfully - version: 4.0.5 - missing functions: none
symbol engine: initialized successfully - sym options: 0x614 - pdb path: .;C:\Program Files\Android\Android Studio1\jbr\bin;C:\Windows\SYSTEM32;C:\Windows\WinSxS\amd64_microsoft.windows.common-controls_6595b64144ccf1df_6.0.17763.55_none_bfabd67a2c8ec77e;C:\Program Files\Android\Android Studio1\jbr\bin\server;C:\Users\hp\.gradle\native\1def1411415f61bf3af743bc5b6707747c0891f09f0c88961ee8f79bc544acac\windows-amd64;C:\Users\hp\.gradle\native\0.2.8\x86_64-windows-gnu

VM Arguments:
jvm_args: --add-opens=java.base/java.lang=ALL-UNNAMED --add-opens=java.base/java.lang.invoke=ALL-UNNAMED --add-opens=java.base/java.util=ALL-UNNAMED --add-opens=java.prefs/java.util.prefs=ALL-UNNAMED --add-exports=jdk.compiler/com.sun.tools.javac.api=ALL-UNNAMED --add-exports=jdk.compiler/com.sun.tools.javac.util=ALL-UNNAMED --add-opens=java.base/java.util=ALL-UNNAMED --add-opens=java.prefs/java.util.prefs=ALL-UNNAMED --add-opens=java.base/java.nio.charset=ALL-UNNAMED --add-opens=java.base/java.net=ALL-UNNAMED --add-opens=java.base/java.util.concurrent=ALL-UNNAMED --add-opens=java.base/java.util.concurrent.atomic=ALL-UNNAMED --add-opens=java.xml/javax.xml.namespace=ALL-UNNAMED --add-opens=java.base/java.time=ALL-UNNAMED -XX:+UseParallelGC -Xmx4g -Dfile.encoding=UTF-8 -Duser.country=US -Duser.language=en -Duser.variant -javaagent:C:\Users\hp\.gradle\wrapper\dists\gradle-9.1.0-bin\9agqghryom9wkf8r80qlhnts3\gradle-9.1.0\lib\agents\gradle-instrumentation-agent-9.1.0.jar 
java_command: org.gradle.launcher.daemon.bootstrap.GradleDaemon 9.1.0
java_class_path (initial): C:\Users\hp\.gradle\wrapper\dists\gradle-9.1.0-bin\9agqghryom9wkf8r80qlhnts3\gradle-9.1.0\lib\gradle-daemon-main-9.1.0.jar
Launcher Type: SUN_STANDARD

[Global flags]
     intx CICompilerCount                          = 4                                         {product} {ergonomic}
   size_t InitialHeapSize                          = 62914560                                  {product} {ergonomic}
   size_t MaxHeapSize                              = 4294967296                                {product} {command line}
   size_t MaxNewSize                               = 1431306240                                {product} {ergonomic}
   size_t MinHeapDeltaBytes                        = 524288                                    {product} {ergonomic}
   size_t MinHeapSize                              = 8388608                                   {product} {ergonomic}
   size_t NewSize                                  = 20971520                                  {product} {ergonomic}
    uintx NonNMethodCodeHeapSize                   = 5839372                                {pd product} {ergonomic}
    uintx NonProfiledCodeHeapSize                  = 122909434                              {pd product} {ergonomic}
   size_t OldSize                                  = 41943040                                  {product} {ergonomic}
    uintx ProfiledCodeHeapSize                     = 122909434                              {pd product} {ergonomic}
    uintx ReservedCodeCacheSize                    = 251658240                              {pd product} {ergonomic}
     bool SegmentedCodeCache                       = true                                      {product} {ergonomic}
   size_t SoftMaxHeapSize                          = 4294967296                             {manageable} {ergonomic}
     bool UseCompressedOops                        = true                           {product lp64_product} {ergonomic}
     bool UseLargePagesIndividualAllocation        = false                                  {pd product} {ergonomic}
     bool UseParallelGC                            = true                                      {product} {command line}

Logging:
Log output configuration:
 #0: stdout all=warning uptime,level,tags foldmultilines=false
 #1: stderr all=off uptime,level,tags foldmultilines=false

Release file:
JAVA_VERSION="21.0.10" 
MODULES="java.base java.compiler java.datatransfer java.xml java.prefs java.desktop java.instrument java.logging java.management java.security.sasl java.naming java.rmi java.management.rmi java.net.http java.scripting java.security.jgss java.transaction.xa java.sql java.sql.rowset java.xml.crypto java.se java.smartcardio jdk.accessibility jdk.internal.jvmstat jdk.attach jdk.charsets jdk.internal.opt jdk.zipfs jdk.compiler jdk.crypto.ec jdk.crypto.cryptoki jdk.dynalink jdk.hotspot.agent jdk.httpserver jdk.internal.ed jdk.internal.le jdk.internal.vm.ci jdk.jartool jdk.javadoc jdk.jcmd jdk.jdeps jdk.jdwp.agent jdk.jdi jdk.jfr jdk.jlink jdk.jsobject jdk.localedata jdk.management jdk.management.agent jdk.management.jfr jdk.naming.dns jdk.naming.rmi jdk.net jdk.sctp jdk.security.auth jdk.security.jgss jdk.unsupported jdk.unsupported.desktop jdk.xml.dom" 
IMPLEMENTOR="JetBrains s.r.o." 
JAVA_RUNTIME_VERSION="21.0.10+-14961533-b1163.108" 
LIBC="default" 
OS_ARCH="x86_64" 
OS_NAME="Windows" 
SOURCE=".:git:1351622c2ff2" 

Environment Variables:
PATH=C:\Program Files\Common Files\Oracle\Java\javapath;C:\Windows\system32;C:\Windows;C:\Windows\System32\Wbem;C:\Windows\System32\WindowsPowerShell\v1.0\;C:\Windows\System32\OpenSSH\;C:\Program Files\Git\cmd;C:\Users\hp\AppData\Local\Microsoft\WindowsApps;C:\ProgramData\hp\GitHubDesktop\bin;C:\Users\hp\AppData\Local\GitHubDesktop\bin
USERNAME=hp
OS=Windows_NT
PROCESSOR_IDENTIFIER=Intel64 Family 6 Model 154 Stepping 4, GenuineIntel
TMP=C:\Users\hp\AppData\Local\Temp
TEMP=C:\Users\hp\AppData\Local\Temp




Periodic native trim disabled

JNI global refs:
JNI global refs: 27, weak refs: 3

JNI global refs memory usage: 835, weak refs: 833

Process memory usage:
Resident Set Size: 230256K (5% of 3858564K total physical memory with 271500K free physical memory)

OOME stack traces (most recent first):
Classloader memory used:
Loader org.gradle.internal.classloader.VisitableURLClassLoader                         : 46370K
Loader bootstrap                                                                       : 25177K
Loader org.gradle.initialization.MixInLegacyTypesClassLoader                           : 12573K
Loader org.gradle.internal.classloader.VisitableURLClassLoader$InstrumentingVisitableURLClassLoader: 6110K
Loader jdk.internal.loader.ClassLoaders$PlatformClassLoader                            : 408K
Loader org.gradle.internal.classloader.VisitableURLClassLoader                         : 243K
Loader jdk.internal.loader.ClassLoaders$AppClassLoader                                 : 230K
Loader jdk.internal.reflect.DelegatingClassLoader                                      : 165K
Loader org.gradle.groovy.scripts.internal.DefaultScriptCompilationHandler$ScriptClassLoader: 149K
Loader groovy.lang.GroovyClassLoader$InnerLoader                                       : 86824B

Classes loaded by more than one classloader:
Class Program                                                                         : loaded 4 times (x 74B)
Class com.google.common.base.Equivalence$Identity                                     : loaded 2 times (x 82B)
Class com.google.common.collect.RegularImmutableMap$KeySet                            : loaded 2 times (x 152B)
Class org.gradle.internal.classloader.FilteringClassLoader                            : loaded 2 times (x 105B)
Class com.google.common.base.CharMatcher$IsEither                                     : loaded 2 times (x 111B)
Class org.gradle.internal.classloader.ClassLoaderHierarchy                            : loaded 2 times (x 70B)
Class com.google.common.util.concurrent.ExecutionError                                : loaded 2 times (x 82B)
Class com.google.common.collect.ImmutableList$1                                       : loaded 2 times (x 97B)
Class org.gradle.api.internal.classpath.ManifestUtil                                  : loaded 2 times (x 71B)
Class com.google.common.collect.RegularImmutableMap                                   : loaded 2 times (x 121B)
Class com.google.common.collect.ImmutableMap$MapViewOfValuesAsSingletonSets           : loaded 2 times (x 126B)
Class com.google.common.collect.UnmodifiableListIterator                              : loaded 2 times (x 95B)
Class [Lcom.google.common.cache.CacheBuilder$OneWeigher;                              : loaded 2 times (x 69B)
Class com.google.common.base.Suppliers                                                : loaded 2 times (x 71B)
Class org.gradle.internal.classloader.DefaultClassLoaderFactory                       : loaded 2 times (x 82B)
Class org.gradle.internal.classloader.ClassLoaderVisitor                              : loaded 2 times (x 76B)
Class [Lcom.google.common.collect.ImmutableMapEntry;                                  : loaded 2 times (x 69B)
Class org.gradle.api.internal.classpath.EffectiveClassPath                            : loaded 2 times (x 90B)
Class com.google.common.collect.ImmutableEnumMap                                      : loaded 2 times (x 126B)
Class org.gradle.api.internal.DefaultClassPathProvider                                : loaded 2 times (x 76B)
Class [Lorg.gradle.api.internal.ClassPathProvider;                                    : loaded 2 times (x 69B)
Class org.gradle.api.internal.ClassPathProvider                                       : loaded 2 times (x 70B)
Class com.google.common.cache.LocalCache$LocalLoadingCache                            : loaded 2 times (x 134B)
Class org.gradle.internal.service.UnknownServiceException                             : loaded 2 times (x 83B)
Class com.google.common.cache.LocalCache$Strength$1                                   : loaded 2 times (x 81B)
Class com.google.common.util.concurrent.SettableFuture                                : loaded 2 times (x 114B)
Class com.google.common.cache.LocalCache$Strength$2                                   : loaded 2 times (x 81B)
Class com.google.common.cache.LocalCache$Strength$3                                   : loaded 2 times (x 81B)
Class com.google.common.collect.MapDifference                                         : loaded 2 times (x 70B)
Class com.google.common.cache.CacheBuilder$NullListener                               : loaded 2 times (x 82B)
Class org.gradle.internal.classpath.TransformedClassPath                              : loaded 2 times (x 96B)
Class org.gradle.internal.classloader.InstrumentingClassLoader                        : loaded 2 times (x 70B)
Class com.google.common.cache.CacheLoader$FunctionToCacheLoader                       : loaded 2 times (x 75B)
Class com.google.common.collect.Iterators$ArrayItr                                    : loaded 2 times (x 97B)
Class com.google.common.collect.ImmutableCollection$Builder                           : loaded 2 times (x 76B)
Class com.google.common.base.MoreObjects                                              : loaded 2 times (x 71B)
Class com.google.common.collect.UnmodifiableIterator                                  : loaded 2 times (x 80B)
Class org.gradle.internal.service.ServiceLocator                                      : loaded 2 times (x 70B)
Class com.google.common.cache.LocalCache$1                                            : loaded 2 times (x 89B)
Class com.google.common.collect.SingletonImmutableBiMap                               : loaded 2 times (x 143B)
Class com.google.common.collect.Iterators$SingletonIterator                           : loaded 2 times (x 81B)
Class com.google.common.collect.AbstractMapEntry                                      : loaded 2 times (x 81B)
Class com.google.common.cache.LocalCache$2                                            : loaded 2 times (x 142B)
Class com.google.common.collect.RegularImmutableAsList                                : loaded 2 times (x 217B)
Class com.google.common.util.concurrent.AbstractFuture$Trusted                        : loaded 2 times (x 70B)
Class com.google.common.collect.Iterators                                             : loaded 2 times (x 71B)
Class com.google.common.util.concurrent.UncheckedExecutionException                   : loaded 2 times (x 82B)
Class org.gradle.kotlin.dsl.VersionCatalogAccessorsKt                                 : loaded 2 times (x 71B)
Class ijKotlinCoroutineJvmDebugInit1_3p1rs4353hnyo5rk0eh2glui6$_run_closure1$_closure2: loaded 2 times (x 139B)
Class ijJvmDebugger1_2mezv50hp7pm2cagazdip430c                                        : loaded 2 times (x 171B)
Class org.gradle.internal.InternalTransformer                                         : loaded 2 times (x 70B)
Class com.google.common.base.CharMatcher$And                                          : loaded 2 times (x 112B)
Class com.google.common.cache.CacheLoader$UnsupportedLoadingOperationException        : loaded 2 times (x 82B)
Class org.gradle.internal.classloader.ClasspathUtil$1                                 : loaded 2 times (x 76B)
Class com.google.common.collect.IndexedImmutableSet                                   : loaded 2 times (x 152B)
Class com.google.common.collect.ImmutableMap$1                                        : loaded 2 times (x 81B)
Class com.google.common.collect.BiMap                                                 : loaded 2 times (x 70B)
Class org.gradle.api.internal.classpath.DefaultModuleRegistry$DefaultModule           : loaded 2 times (x 86B)
Class com.google.common.collect.AbstractIterator                                      : loaded 2 times (x 82B)
Class com.google.common.collect.AbstractIndexedListIterator                           : loaded 2 times (x 96B)
Class com.google.common.math.MathPreconditions                                        : loaded 2 times (x 71B)
Class com.google.common.collect.ImmutableMapEntrySet                                  : loaded 2 times (x 152B)
Class org.gradle.api.internal.classpath.Module                                        : loaded 2 times (x 70B)
Class com.google.common.cache.Weigher                                                 : loaded 2 times (x 70B)
Class org.gradle.api.internal.classpath.UnknownModuleException                        : loaded 2 times (x 82B)
Class com.google.common.base.Stopwatch                                                : loaded 2 times (x 72B)
Class com.google.common.cache.LocalCache$Strength                                     : loaded 2 times (x 81B)
Class com.google.common.cache.Cache                                                   : loaded 2 times (x 70B)
Class com.google.common.util.concurrent.AbstractFuture$Cancellation                   : loaded 2 times (x 72B)
Class com.google.common.collect.ImmutableMap$Builder                                  : loaded 2 times (x 82B)
Class com.google.common.cache.RemovalListener                                         : loaded 2 times (x 70B)
Class org.gradle.api.internal.DefaultClassPathRegistry                                : loaded 2 times (x 76B)
Class org.gradle.api.internal.ClassPathRegistry                                       : loaded 2 times (x 70B)
Class org.gradle.internal.classpath.DefaultClassPath$ImmutableUniqueList              : loaded 2 times (x 199B)
Class com.google.common.cache.CacheBuilder                                            : loaded 2 times (x 72B)
Class com.google.common.collect.SingletonImmutableList                                : loaded 2 times (x 207B)
Class com.google.common.base.PairwiseEquivalence                                      : loaded 2 times (x 83B)
Class Settings_gradle$1                                                               : loaded 2 times (x 74B)
Class org.gradle.internal.classpath.ClassPath                                         : loaded 2 times (x 70B)
Class com.google.common.collect.ImmutableList$ReverseImmutableList                    : loaded 2 times (x 209B)
Class com.google.common.base.Suppliers$SupplierOfInstance                             : loaded 2 times (x 79B)
Class com.google.common.collect.Iterators$1                                           : loaded 2 times (x 81B)
Class com.google.common.cache.LocalCache$ComputingValueReference                      : loaded 2 times (x 96B)
Class com.google.common.collect.SingletonImmutableSet                                 : loaded 2 times (x 146B)
Class com.google.common.collect.ImmutableMap$IteratorBasedImmutableMap                : loaded 2 times (x 126B)
Class com.google.common.cache.LocalCache$Segment                                      : loaded 2 times (x 154B)
Class com.google.common.cache.CacheLoader                                             : loaded 2 times (x 74B)
Class com.google.common.collect.Iterators$4                                           : loaded 2 times (x 82B)
Class com.google.common.collect.ImmutableBiMap                                        : loaded 2 times (x 143B)
Class org.gradle.internal.installation.GradleInstallation$1                           : loaded 2 times (x 75B)
Class org.gradle.api.internal.classpath.ModuleRegistry                                : loaded 2 times (x 70B)
Class com.google.common.util.concurrent.internal.InternalFutureFailureAccess          : loaded 2 times (x 72B)
Class com.google.common.collect.Iterators$5                                           : loaded 2 times (x 82B)
Class com.google.common.collect.ImmutableSet$JdkBackedSetBuilderImpl                  : loaded 2 times (x 76B)
Class com.google.common.base.CharMatcher$ForPredicate                                 : loaded 2 times (x 112B)
Class com.google.common.cache.LocalCache$LocalManualCache$1                           : loaded 2 times (x 75B)
Class com.google.common.base.CharMatcher$AnyOf                                        : loaded 2 times (x 112B)
Class com.google.common.collect.ImmutableCollection                                   : loaded 2 times (x 125B)
Class ijKotlinCoroutineJvmDebugInit1_3p1rs4353hnyo5rk0eh2glui6$_run_closure1          : loaded 2 times (x 139B)
Class org.gradle.api.internal.classpath.DefaultModuleRegistry                         : loaded 2 times (x 86B)
Class com.google.common.util.concurrent.ListenableFuture                              : loaded 2 times (x 70B)
Class com.google.common.cache.ReferenceEntry                                          : loaded 2 times (x 70B)
Class com.google.common.base.Converter                                                : loaded 2 times (x 90B)
Class com.google.common.collect.ImmutableSet$CachingAsList                            : loaded 2 times (x 148B)
Class com.google.common.util.concurrent.AbstractFuture                                : loaded 2 times (x 106B)
Class com.google.common.base.FunctionalEquivalence                                    : loaded 2 times (x 83B)
Class com.google.common.collect.Iterators$9                                           : loaded 2 times (x 81B)
Class com.google.common.collect.ImmutableAsList                                       : loaded 2 times (x 209B)
Class com.google.common.cache.CacheLoader$SupplierToCacheLoader                       : loaded 2 times (x 75B)
Class ijKotlinCoroutineJvmDebugInit1_3p1rs4353hnyo5rk0eh2glui6                        : loaded 2 times (x 171B)
Class org.gradle.internal.service.ServiceLookupException                              : loaded 2 times (x 82B)
Class [Lcom.google.common.cache.LocalCache$EntryFactory;                              : loaded 2 times (x 69B)
Class org.gradle.internal.classloader.ClassLoaderFactory                              : loaded 2 times (x 70B)
Class com.google.common.base.CharMatcher$IsNot                                        : loaded 2 times (x 111B)
Class com.google.common.cache.LocalCache$LocalManualCache                             : loaded 2 times (x 99B)
Class org.gradle.internal.service.CachingServiceLocator                               : loaded 2 times (x 82B)
Class com.google.common.math.IntMath                                                  : loaded 2 times (x 71B)
Class com.google.common.collect.ImmutableMapEntry                                     : loaded 2 times (x 85B)
Class com.google.common.base.Equivalence                                              : loaded 2 times (x 82B)
Class com.google.common.base.Function                                                 : loaded 2 times (x 70B)
Class com.google.common.collect.ImmutableMapEntry$NonTerminalImmutableMapEntry        : loaded 2 times (x 85B)
Class com.google.common.cache.CacheBuilder$OneWeigher                                 : loaded 2 times (x 82B)
Class com.google.common.collect.RegularImmutableList                                  : loaded 2 times (x 213B)
Class org.gradle.internal.classloader.ClasspathUtil                                   : loaded 2 times (x 71B)
Class com.google.common.util.concurrent.Uninterruptibles                              : loaded 2 times (x 71B)
Class com.google.common.util.concurrent.LazyLogger                                    : loaded 2 times (x 72B)
Class com.google.common.collect.Maps                                                  : loaded 2 times (x 71B)
Class org.gradle.api.specs.Spec                                                       : loaded 2 times (x 70B)
Class [Lcom.google.common.collect.ImmutableEntry;                                     : loaded 2 times (x 69B)
Class com.google.common.cache.LocalCache$LoadingValueReference                        : loaded 2 times (x 96B)
Class com.google.common.collect.Maps$8                                                : loaded 2 times (x 82B)
Class com.google.common.cache.LocalCache$StrongValueReference                         : loaded 2 times (x 90B)
Class org.gradle.internal.classloader.VisitableURLClassLoader$InstrumentingVisitableURLClassLoader: loaded 2 times (x 123B)
Class [Lcom.google.common.cache.CacheBuilder$NullListener;                            : loaded 2 times (x 69B)
Class com.google.common.math.IntMath$1                                                : loaded 2 times (x 71B)
Class org.gradle.internal.classloader.VisitableURLClassLoader$Spec                    : loaded 2 times (x 74B)
Class org.gradle.internal.classpath.DefaultClassPath                                  : loaded 2 times (x 90B)
Class com.google.common.base.CharMatcher$BitSetMatcher                                : loaded 2 times (x 112B)
Class com.google.common.collect.RegularImmutableMap$Values                            : loaded 2 times (x 207B)
Class com.google.common.collect.ImmutableSet                                          : loaded 2 times (x 145B)
Class org.gradle.internal.classloader.ClassLoaderSpec                                 : loaded 2 times (x 71B)
Class com.google.common.cache.CacheStats                                              : loaded 2 times (x 71B)
Class com.google.common.util.concurrent.AbstractFuture$Listener                       : loaded 2 times (x 72B)
Class com.google.common.base.CharMatcher$Or                                           : loaded 2 times (x 112B)
Class Settings_gradle$1$1                                                             : loaded 2 times (x 74B)
Class com.google.common.base.Supplier                                                 : loaded 2 times (x 70B)
Class org.gradle.internal.classloader.VisitableURLClassLoader                         : loaded 2 times (x 117B)
Class Settings_gradle                                                                 : loaded 2 times (x 124B)
Class org.gradle.internal.Cast                                                        : loaded 2 times (x 71B)
Class org.gradle.api.Action                                                           : loaded 2 times (x 70B)
Class com.google.common.base.CharMatcher$FastMatcher                                  : loaded 2 times (x 111B)
Class com.google.common.base.Ticker                                                   : loaded 2 times (x 72B)
Class [Lcom.google.common.cache.LocalCache$Segment;                                   : loaded 2 times (x 69B)
Class com.google.common.base.Predicate                                                : loaded 2 times (x 70B)
Class [Lcom.google.common.cache.LocalCache$Strength;                                  : loaded 2 times (x 69B)
Class com.google.common.cache.CacheBuilder$1                                          : loaded 2 times (x 85B)
Class com.google.common.collect.ImmutableMap                                          : loaded 2 times (x 120B)
Class org.gradle.internal.classpath.DefaultClassPath$ImmutableUniqueList$Builder      : loaded 2 times (x 75B)
Class com.google.common.base.CharMatcher$NegatedFastMatcher                           : loaded 2 times (x 113B)
Class com.google.common.cache.LocalCache                                              : loaded 2 times (x 187B)
Class com.google.common.cache.CacheBuilder$2                                          : loaded 2 times (x 79B)
Class com.google.common.cache.CacheBuilder$3                                          : loaded 2 times (x 72B)
Class [Lcom.google.common.collect.AbstractMapEntry;                                   : loaded 2 times (x 69B)
Class com.google.common.collect.ImmutableEntry                                        : loaded 2 times (x 82B)
Class org.gradle.api.GradleException                                                  : loaded 2 times (x 82B)
Class com.google.common.collect.CollectPreconditions                                  : loaded 2 times (x 71B)
Class ijJvmDebugger1_2mezv50hp7pm2cagazdip430c$_run_closure1                          : loaded 2 times (x 139B)
Class com.google.common.collect.SortedMapDifference                                   : loaded 2 times (x 70B)
Class com.google.common.cache.LocalCache$EntryFactory                                 : loaded 2 times (x 83B)
Class com.google.common.cache.LocalCache$AbstractReferenceEntry                       : loaded 2 times (x 107B)
Class org.gradle.internal.IoActions                                                   : loaded 2 times (x 71B)
Class com.google.common.cache.CacheLoader$InvalidCacheLoadException                   : loaded 2 times (x 82B)
Class com.google.common.collect.ImmutableSet$RegularSetBuilderImpl                    : loaded 2 times (x 77B)
Class org.gradle.internal.classloader.SystemClassLoaderSpec                           : loaded 2 times (x 71B)
Class com.google.common.cache.LocalCache$StrongEntry                                  : loaded 2 times (x 108B)
Class com.google.common.util.concurrent.AbstractFuture$TrustedFuture                  : loaded 2 times (x 114B)
Class com.google.common.cache.LoadingCache                                            : loaded 2 times (x 70B)
Class [Lcom.google.common.cache.Weigher;                                              : loaded 2 times (x 69B)
Class com.google.common.collect.RegularImmutableMap$BucketOverflowException           : loaded 2 times (x 82B)
Class com.google.common.base.CharMatcher$Negated                                      : loaded 2 times (x 113B)
Class com.google.common.base.CharMatcher$Is                                           : loaded 2 times (x 111B)
Class com.google.common.cache.LocalCache$ValueReference                               : loaded 2 times (x 70B)
Class com.google.common.collect.RegularImmutableBiMap                                 : loaded 2 times (x 149B)
Class com.google.common.util.concurrent.AbstractFuture$Failure                        : loaded 2 times (x 72B)
Class com.google.common.base.Equivalence$Equals                                       : loaded 2 times (x 82B)
Class com.google.common.collect.Hashing                                               : loaded 2 times (x 71B)
Class com.google.common.base.Preconditions                                            : loaded 2 times (x 71B)
Class com.google.common.base.CharMatcher                                              : loaded 2 times (x 111B)
Class com.google.common.collect.PeekingIterator                                       : loaded 2 times (x 70B)
Class com.google.common.base.CharMatcher$NamedFastMatcher                             : loaded 2 times (x 112B)
Class com.google.common.base.CharMatcher$1                                            : loaded 2 times (x 113B)
Class com.google.common.cache.LocalCache$EntryFactory$1                               : loaded 2 times (x 83B)
Class [Lcom.google.common.cache.RemovalListener;                                      : loaded 2 times (x 69B)
Class com.google.common.cache.LocalCache$EntryFactory$2                               : loaded 2 times (x 83B)
Class org.gradle.api.internal.classpath.GlobalCacheRootsProvider                      : loaded 2 times (x 70B)
Class com.google.common.cache.LocalCache$EntryFactory$3                               : loaded 2 times (x 83B)
Class com.google.common.base.Ticker$1                                                 : loaded 2 times (x 72B)
Class com.google.common.collect.Maps$BiMapConverter                                   : loaded 2 times (x 90B)
Class com.google.common.collect.ImmutableMapEntrySet$RegularEntrySet                  : loaded 2 times (x 152B)
Class com.google.common.base.CharMatcher$InRange                                      : loaded 2 times (x 111B)
Class com.google.common.cache.LocalCache$EntryFactory$4                               : loaded 2 times (x 83B)
Class com.google.common.collect.ImmutableSet$Builder                                  : loaded 2 times (x 85B)
Class com.google.common.cache.LocalCache$EntryFactory$5                               : loaded 2 times (x 83B)
Class com.google.common.cache.LocalCache$EntryFactory$6                               : loaded 2 times (x 83B)
Class Build_gradle                                                                    : loaded 2 times (x 72B)
Class org.gradle.internal.installation.CurrentGradleInstallationLocator               : loaded 2 times (x 71B)
Class com.google.common.cache.LocalCache$EntryFactory$7                               : loaded 2 times (x 83B)
Class com.google.common.collect.ImmutableSet$EmptySetBuilderImpl                      : loaded 2 times (x 76B)
Class com.google.common.collect.ImmutableList                                         : loaded 2 times (x 206B)
Class org.gradle.internal.service.DefaultServiceLocator                               : loaded 2 times (x 83B)
Class com.google.common.cache.LocalCache$EntryFactory$8                               : loaded 2 times (x 83B)
Class com.google.common.collect.ImmutableSet$SetBuilderImpl                           : loaded 2 times (x 76B)
Class ijJvmDebugger1_2mezv50hp7pm2cagazdip430c$_run_closure1$_closure2                : loaded 2 times (x 140B)
Class org.gradle.internal.installation.CurrentGradleInstallation                      : loaded 2 times (x 73B)
Class com.google.common.cache.CacheLoader$1                                           : loaded 2 times (x 75B)
Class com.google.common.collect.ImmutableList$SubList                                 : loaded 2 times (x 209B)
Class org.gradle.util.internal.GUtil                                                  : loaded 2 times (x 71B)
Class com.google.common.cache.AbstractCache$StatsCounter                              : loaded 2 times (x 70B)
Class com.google.common.collect.Iterators$MergingIterator                             : loaded 2 times (x 81B)
Class com.google.common.collect.RegularImmutableSet                                   : loaded 2 times (x 149B)
Class org.gradle.internal.installation.GradleInstallation                             : loaded 2 times (x 75B)
Class com.google.common.collect.Iterables                                             : loaded 2 times (x 71B)

---------------  S Y S T E M  ---------------

OS:
 Windows 10 , 64 bit Build 17763 (10.0.17763.1)
OS uptime: 1 days 2:30 hours

CPU: total 12 (initial active 12) (12 cores per cpu, 1 threads per core) family 6 model 154 stepping 4 microcode 0x423, cx8, cmov, fxsr, mmx, 3dnowpref, sse, sse2, sse3, ssse3, sse4.1, sse4.2, popcnt, lzcnt, tsc, tscinvbit, avx, avx2, aes, erms, clmul, bmi1, bmi2, adx, sha, fma, vzeroupper, clflush, clflushopt, clwb, serialize, rdtscp, rdpid, fsrm, f16c, pku, cet_ibt, cet_ss
Processor Information for processor 0
  Max Mhz: 2611, Current Mhz: 2611, Mhz Limit: 2611
Processor Information for processor 1
  Max Mhz: 2611, Current Mhz: 2611, Mhz Limit: 2611
Processor Information for processor 2
  Max Mhz: 2611, Current Mhz: 2611, Mhz Limit: 2611
Processor Information for processor 3
  Max Mhz: 2611, Current Mhz: 2611, Mhz Limit: 2611
Processor Information for processor 4
  Max Mhz: 2611, Current Mhz: 1843, Mhz Limit: 1827
Processor Information for processor 5
  Max Mhz: 2611, Current Mhz: 1843, Mhz Limit: 1827
Processor Information for processor 6
  Max Mhz: 2611, Current Mhz: 1843, Mhz Limit: 1827
Processor Information for processor 7
  Max Mhz: 2611, Current Mhz: 1843, Mhz Limit: 1827
Processor Information for processor 8
  Max Mhz: 2611, Current Mhz: 1843, Mhz Limit: 1827
Processor Information for processor 9
  Max Mhz: 2611, Current Mhz: 1843, Mhz Limit: 1827
Processor Information for processor 10
  Max Mhz: 2611, Current Mhz: 1843, Mhz Limit: 1827
Processor Information for processor 11
  Max Mhz: 2611, Current Mhz: 1843, Mhz Limit: 1827

Memory: 4k page, system-wide physical 3768M (250M free)
TotalPageFile size 15544M (AvailPageFile size 4M)
current process WorkingSet (physical memory assigned to process): 234M, peak: 373M
current process commit charge ("private bytes"): 652M, peak: 752M

vm_info: OpenJDK 64-Bit Server VM (21.0.10+-14961533-b1163.108) for windows-amd64 JRE (21.0.10+-14961533-b1163.108), built on 2026-03-02T19:58:50Z by "builder" with MS VC++ 16.10 / 16.11 (VS2019)

END.
